BL51 BANKED LINKER/LOCATER V6.22.2.0                                                    07/02/2021  21:25:49  PAGE 1


BL51 BANKED LINKER/LOCATER V6.22.2.0, INVOKED BY:
D:\APPDATA\KEIL\C51\BIN\BL51.EXE .\Out_File\common.obj, .\Out_File\board.obj, .\Out_File\zf_iic.obj, .\Out_File\zf_uart.
>> obj, .\Out_File\zf_adc.obj, .\Out_File\zf_tim.obj, .\Out_File\zf_pwm.obj, .\Out_File\zf_pca_pit.obj, .\Out_File\zf_ex
>> ti.obj, .\Out_File\zf_pca_delay.obj, .\Out_File\zf_gpio.obj, .\Out_File\zf_eeprom.obj, .\Out_File\SEEKFREE_FONT.obj, 
>> .\Out_File\SEEKFREE_IIC.obj, .\Out_File\SEEKFREE_MPU6050.obj, .\Out_File\isr.obj, .\Out_File\main.obj, .\Out_File\use
>> r_menu.obj, .\Out_File\user_adc.obj, .\Out_File\user_pid.obj, .\Out_File\user_button.obj, .\Out_File\user_eeprom.obj,
>>  .\Out_File\user_lib_iic.obj TO .\Out_File\Mini_T12_Demo PRINT (.\Out_File\Mini_T12_Demo.m51) RAMSIZE (256) DISABLEWA
>> RNING (16)


MEMORY MODEL: LARGE WITH FLOATING POINT ARITHMETIC


INPUT MODULES INCLUDED:
  .\Out_File\common.obj (COMMON)
  .\Out_File\board.obj (BOARD)
  .\Out_File\zf_iic.obj (ZF_IIC)
  .\Out_File\zf_uart.obj (ZF_UART)
  .\Out_File\zf_adc.obj (ZF_ADC)
  .\Out_File\zf_tim.obj (ZF_TIM)
  .\Out_File\zf_pwm.obj (ZF_PWM)
  .\Out_File\zf_pca_pit.obj (ZF_PCA_PIT)
  .\Out_File\zf_exti.obj (ZF_EXTI)
  .\Out_File\zf_pca_delay.obj (ZF_PCA_DELAY)
  .\Out_File\zf_gpio.obj (ZF_GPIO)
  .\Out_File\zf_eeprom.obj (ZF_EEPROM)
  .\Out_File\SEEKFREE_FONT.obj (SEEKFREE_FONT)
  .\Out_File\SEEKFREE_IIC.obj (SEEKFREE_IIC)
  .\Out_File\SEEKFREE_MPU6050.obj (SEEKFREE_MPU6050)
  .\Out_File\isr.obj (ISR)
  .\Out_File\main.obj (MAIN)
  .\Out_File\user_menu.obj (USER_MENU)
  .\Out_File\user_adc.obj (USER_ADC)
  .\Out_File\user_pid.obj (USER_PID)
  .\Out_File\user_button.obj (USER_BUTTON)
  .\Out_File\user_eeprom.obj (USER_EEPROM)
  .\Out_File\user_lib_iic.obj (USER_LIB_IIC)
  D:\APPDATA\KEIL\C51\LIB\C51FPL.LIB (?C?FPADD)
  D:\APPDATA\KEIL\C51\LIB\C51FPL.LIB (?C?FPMUL)
  D:\APPDATA\KEIL\C51\LIB\C51FPL.LIB (?C?FPDIV)
  D:\APPDATA\KEIL\C51\LIB\C51FPL.LIB (?C?FPCMP)
  D:\APPDATA\KEIL\C51\LIB\C51FPL.LIB (?C?FCAST)
  D:\APPDATA\KEIL\C51\LIB\C51FPL.LIB (?C?CASTF)
  D:\APPDATA\KEIL\C51\LIB\C51FPL.LIB (PRINTF)
  D:\APPDATA\KEIL\C51\LIB\C51FPL.LIB (?C?FPGETOPN)
  D:\APPDATA\KEIL\C51\LIB\C51FPL.LIB (?C?FPROUND)
  D:\APPDATA\KEIL\C51\LIB\C51FPL.LIB (?C?FPCONVERT)
  D:\APPDATA\KEIL\C51\LIB\C51FPL.LIB (?C?FTNPWR)
  D:\APPDATA\KEIL\C51\LIB\C51L.LIB (?C_STARTUP)
  D:\APPDATA\KEIL\C51\LIB\C51L.LIB (?C?COPY)
  D:\APPDATA\KEIL\C51\LIB\C51L.LIB (?C?CLDPTR)
  D:\APPDATA\KEIL\C51\LIB\C51L.LIB (?C?CLDOPTR)
  D:\APPDATA\KEIL\C51\LIB\C51L.LIB (?C?CSTPTR)
  D:\APPDATA\KEIL\C51\LIB\C51L.LIB (?C?IMUL)
  D:\APPDATA\KEIL\C51\LIB\C51L.LIB (?C?UIDIV)
  D:\APPDATA\KEIL\C51\LIB\C51L.LIB (?C?SIDIV)
  D:\APPDATA\KEIL\C51\LIB\C51L.LIB (?C?IILDX)
  D:\APPDATA\KEIL\C51\LIB\C51L.LIB (?C?ILDIX)
BL51 BANKED LINKER/LOCATER V6.22.2.0                                                  07/02/2021  21:25:49  PAGE 2


  D:\APPDATA\KEIL\C51\LIB\C51L.LIB (?C?LMUL)
  D:\APPDATA\KEIL\C51\LIB\C51L.LIB (?C?ULDIV)
  D:\APPDATA\KEIL\C51\LIB\C51L.LIB (?C?LNEG)
  D:\APPDATA\KEIL\C51\LIB\C51L.LIB (?C?ULCMP)
  D:\APPDATA\KEIL\C51\LIB\C51L.LIB (?C?ULSHR)
  D:\APPDATA\KEIL\C51\LIB\C51L.LIB (?C?LSTXDATA)
  D:\APPDATA\KEIL\C51\LIB\C51L.LIB (?C?LSTKXDATA)
  D:\APPDATA\KEIL\C51\LIB\C51L.LIB (?C?OFFXADD)
  D:\APPDATA\KEIL\C51\LIB\C51L.LIB (?C?PLDIXDATA)
  D:\APPDATA\KEIL\C51\LIB\C51L.LIB (?C?PSTXDATA)
  D:\APPDATA\KEIL\C51\LIB\C51L.LIB (?C?CCASE)
  D:\APPDATA\KEIL\C51\LIB\C51L.LIB (?C_INIT)


LINK MAP OF MODULE:  .\Out_File\Mini_T12_Demo (COMMON)


            TYPE    BASE      LENGTH    RELOCATION   SEGMENT NAME
            -----------------------------------------------------

            * * * * * * *   D A T A   M E M O R Y   * * * * * * *
            REG     0000H     0008H     ABSOLUTE     "REG BANK 0"
            DATA    0008H     0005H     UNIT         _DATA_GROUP_
                    000DH     0013H                  *** GAP ***
            BIT     0020H.0   0001H.1   UNIT         _BIT_GROUP_
            BIT     0021H.1   0000H.1   UNIT         ?BI?USER_LIB_IIC
                    0021H.2   0000H.6                *** GAP ***
            DATA    0022H     0040H     UNIT         ?DT?USER_MENU
            IDATA   0062H     0001H     UNIT         ?STACK

            * * * * * * *  X D A T A   M E M O R Y  * * * * * * *
            XDATA   0000H     00E9H     UNIT         ?XD?USER_MENU
            XDATA   00E9H     00E3H     UNIT         _XDATA_GROUP_
            XDATA   01CCH     00CDH     UNIT         ?XD?ZF_UART
            XDATA   0299H     0049H     UNIT         ?XD?USER_ADC
            XDATA   02E2H     0025H     UNIT         ?XD?USER_BUTTON
            XDATA   0307H     0021H     UNIT         ?XD?USER_PID
            XDATA   0328H     0010H     UNIT         ?XD?_PWM_FREQ?ZF_PWM
            XDATA   0338H     000EH     UNIT         ?XD?_ROW_OLED_CH16STR?SEEKFREE_MPU6050
            XDATA   0346H     000CH     UNIT         ?XD?ZF_PCA_PIT
            XDATA   0352H     000CH     UNIT         ?XD?_OLED_PRINT?SEEKFREE_MPU6050
            XDATA   035EH     000CH     UNIT         ?XD?_ROW_OLED_PRINT?SEEKFREE_MPU6050
            XDATA   036AH     000BH     UNIT         ?XD?_OLED_DRAWBMP?SEEKFREE_MPU6050
            XDATA   0375H     000BH     UNIT         ?XD?_OLED_CH16STR?SEEKFREE_MPU6050
            XDATA   0380H     0008H     UNIT         ?XD?_DRAW_IMG42X32?SEEKFREE_MPU6050
            XDATA   0388H     0007H     UNIT         ?XD?_IIC_INIT?ZF_IIC
            XDATA   038FH     0007H     UNIT         ?XD?_IIC_READ_REG_BYTES?ZF_IIC
            XDATA   0396H     0007H     UNIT         ?XD?_SIMIIC_READ_REGS?SEEKFREE_IIC
            XDATA   039DH     0006H     UNIT         ?XD?_IIC_READ_REG?ZF_IIC
            XDATA   03A3H     0006H     UNIT         ?XD?_UART_PUTBUFF?ZF_UART
            XDATA   03A9H     0006H     UNIT         ?XD?SEEKFREE_IIC
            XDATA   03AFH     0006H     UNIT         ?XD?_FILL_24X10?SEEKFREE_MPU6050
            XDATA   03B5H     0004H     UNIT         ?XD?BOARD
            XDATA   03B9H     0004H     UNIT         ?XD?_IIC_WRITE_REG?ZF_IIC
            XDATA   03BDH     0004H     UNIT         ?XD?_FILL_24X1?SEEKFREE_MPU6050
            XDATA   03C1H     0003H     UNIT         ?XD?_UART_PUTSTR?ZF_UART
            XDATA   03C4H     0003H     UNIT         ?XD?_PCA_INIT_INTERRUPT_MS?ZF_PCA_PIT
BL51 BANKED LINKER/LOCATER V6.22.2.0                                                  07/02/2021  21:25:49  PAGE 3


            XDATA   03C7H     0003H     UNIT         ?XD?_FILL_PICTURE?SEEKFREE_MPU6050
            XDATA   03CAH     0002H     UNIT         ?XD?WAIT?ZF_IIC
            XDATA   03CCH     0002H     UNIT         ?XD?ZF_PCA_DELAY
            XDATA   03CEH     0002H     UNIT         ?XD?OLED_ON?SEEKFREE_MPU6050
            XDATA   03D0H     0001H     UNIT         ?XD?_SIMIIC_READ_REG?SEEKFREE_IIC
            XDATA   03D1H     0001H     UNIT         ?XD?ISR

            * * * * * * *   C O D E   M E M O R Y   * * * * * * *
            CODE    0000H     0003H     ABSOLUTE     
            CODE    0003H     0003H     ABSOLUTE     
            CODE    0006H     000DH     UNIT         ?PR?_PAGE_ONE_MENU?USER_MENU
            CODE    0013H     0003H     ABSOLUTE     
            CODE    0016H     0004H     UNIT         ?PR?IAP_IDLE?ZF_EEPROM
            CODE    001AH     0001H     UNIT         ?PR?SIMIIC_INIT?SEEKFREE_IIC
            CODE    001BH     0003H     ABSOLUTE     
            CODE    001EH     0003H     UNIT         ?PR?DISABLEGLOBALIRQ?BOARD
            CODE    0021H     0001H     UNIT         ?PR?INT0_ISR?ISR
            CODE    0022H     0001H     UNIT         ?PR?INT1_ISR?ISR
            CODE    0023H     0003H     ABSOLUTE     
            CODE    0026H     0015H     UNIT         ?PR?USER_ADC_INIT?USER_ADC
            CODE    003BH     0003H     ABSOLUTE     
            CODE    003EH     0003H     UNIT         ?PR?ENABLEGLOBALIRQ?BOARD
            CODE    0041H     0001H     UNIT         ?PR?INT2_ISR?ISR
            CODE    0042H     0001H     UNIT         ?PR?INT3_ISR?ISR
            CODE    0043H     0003H     ABSOLUTE     
            CODE    0046H     000CH     UNIT         ?PR?USER_IIC_WAIT?USER_LIB_IIC
            CODE    0052H     0001H     UNIT         ?PR?INT4_ISR?ISR
            CODE    0053H     0003H     ABSOLUTE     
                    0056H     0005H                  *** GAP ***
            CODE    005BH     0003H     ABSOLUTE     
            CODE    005EH     0025H     UNIT         ?PR?_IIC_CHANGE_PIN?ZF_IIC
            CODE    0083H     0003H     ABSOLUTE     
                    0086H     0005H                  *** GAP ***
            CODE    008BH     0003H     ABSOLUTE     
                    008EH     0005H                  *** GAP ***
            CODE    0093H     0003H     ABSOLUTE     
                    0096H     0005H                  *** GAP ***
            CODE    009BH     0003H     ABSOLUTE     
                    009EH     0005H                  *** GAP ***
            CODE    00A3H     0003H     ABSOLUTE     
            CODE    00A6H     001DH     UNIT         ?PR?PCA_DELAY?ZF_PCA_DELAY
            CODE    00C3H     0003H     ABSOLUTE     
            CODE    00C6H     275CH     UNIT         ?CO?SEEKFREE_FONT
            CODE    2822H     097DH     UNIT         ?C?LIB_CODE
            CODE    319FH     0496H     UNIT         ?CO?USER_MENU
            CODE    3635H     0483H     UNIT         ?PR?PRINTF?PRINTF
            CODE    3AB8H     042DH     UNIT         ?PR?KEY_PRESS?USER_MENU
            CODE    3EE5H     03DFH     UNIT         ?PR?_ROW_OLED_CH16STR?SEEKFREE_MPU6050
            CODE    42C4H     03C6H     UNIT         ?PR?SEEKFREE_MPU6050
            CODE    468AH     03ADH     UNIT         ?PR?_ROW_PAGE_TWO?USER_MENU
            CODE    4A37H     0394H     UNIT         ?PR?USER_MENU
            CODE    4DCBH     0318H     UNIT         ?PR?_ADC_IRON_TEMP?USER_ADC
            CODE    50E3H     02EDH     UNIT         ?PR?TM1_ISR?USER_BUTTON
            CODE    53D0H     028CH     UNIT         ?PR?_DRAW_IMG42X32_LIMIT?SEEKFREE_MPU6050
            CODE    565CH     0239H     UNIT         ?C_INITSEG
            CODE    5895H     0221H     UNIT         ?PR?_GPIO_MODE?ZF_GPIO
            CODE    5AB6H     01BBH     UNIT         ?PR?_NEW_ROW_PAGE?USER_MENU
BL51 BANKED LINKER/LOCATER V6.22.2.0                                                  07/02/2021  21:25:49  PAGE 4


            CODE    5C71H     01A6H     UNIT         ?PR?_UART_INIT?ZF_UART
            CODE    5E17H     019AH     UNIT         ?PR?ADC_VIN_GET?USER_ADC
            CODE    5FB1H     016EH     UNIT         ?PR?_DRAW_IMG34X24?SEEKFREE_MPU6050
            CODE    611FH     0159H     UNIT         ?PR?_OLED_CH16STR?SEEKFREE_MPU6050
            CODE    6278H     0158H     UNIT         ?PR?GET_CLK?BOARD
            CODE    63D0H     0157H     UNIT         ?PR?DATA_TRANSMIT?USER_MENU
            CODE    6527H     0154H     UNIT         ?PR?_DRAW_IMG42X32?SEEKFREE_MPU6050
            CODE    667BH     0153H     UNIT         ?PR?_IRON_TEMP_CONTROL?USER_PID
            CODE    67CEH     0145H     UNIT         ?PR?_PWM_INIT?ZF_PWM
            CODE    6913H     012DH     UNIT         ?PR?FUNCTION_EXECUTE?USER_MENU
            CODE    6A40H     0122H     UNIT         ?PR?FUNCTION_INIT?USER_MENU
            CODE    6B62H     0121H     UNIT         ?PR?_ROW_PAGE?USER_MENU
            CODE    6C83H     011AH     UNIT         ?PR?DATA_RESTORE?USER_MENU
            CODE    6D9DH     0114H     UNIT         ?PR?_OLED_SHOWCHAR?SEEKFREE_MPU6050
            CODE    6EB1H     010DH     UNIT         ?PR?_TOP_MENU?USER_MENU
            CODE    6FBEH     010BH     UNIT         ?PR?MAIN?MAIN
            CODE    70C9H     00F8H     UNIT         ?PR?_SHOW_IMG56X8?SEEKFREE_MPU6050
            CODE    71C1H     00F5H     UNIT         ?PR?_SHOW_TEMP?SEEKFREE_MPU6050
            CODE    72B6H     00F1H     UNIT         ?PR?_PWM_FREQ?ZF_PWM
            CODE    73A7H     00EBH     UNIT         ?PR?ZF_PWM
            CODE    7492H     00D8H     UNIT         ?PR?_OLED_CH16_CHAR?SEEKFREE_MPU6050
            CODE    756AH     00C2H     UNIT         ?PR?OLED_INIT?SEEKFREE_MPU6050
            CODE    762CH     00B7H     UNIT         ?PR?SHOW_MENU?USER_MENU
            CODE    76E3H     00A8H     UNIT         ?PR?_OLED_SHOWNUM?SEEKFREE_MPU6050
            CODE    778BH     00A7H     UNIT         ?PR?_IIC_READ_REG_BYTES?ZF_IIC
            CODE    7832H     00A1H     UNIT         ?PR?USER_ADC
            CODE    78D3H     009DH     UNIT         ?PR?_OLED_P8X16STR?SEEKFREE_MPU6050
            CODE    7970H     0097H     UNIT         ?PR?_ROW_OLED_PRINT?SEEKFREE_MPU6050
            CODE    7A07H     0094H     UNIT         ?PR?_FILL_24X10?SEEKFREE_MPU6050
            CODE    7A9BH     008DH     UNIT         ?PR?_PIT_TIMER_MS?ZF_TIM
            CODE    7B28H     008DH     UNIT         ?PR?_OLED_DRAWBMP?SEEKFREE_MPU6050
            CODE    7BB5H     008CH     UNIT         ?C_C51STARTUP
            CODE    7C41H     0087H     UNIT         ?PR?_IIC_READ_REG?ZF_IIC
            CODE    7CC8H     0086H     UNIT         ?PR?_SHOW_IMG16X16?SEEKFREE_MPU6050
            CODE    7D4EH     0082H     UNIT         ?PR?_DRAW_IMG24X24?SEEKFREE_MPU6050
            CODE    7DD0H     0082H     UNIT         ?PR?_DRAW_IMG48X32?SEEKFREE_MPU6050
            CODE    7E52H     007DH     UNIT         ?PR?_PWM_DUTY?ZF_PWM
            CODE    7ECFH     007DH     UNIT         ?PR?_OLED_P16X32STR?SEEKFREE_MPU6050
            CODE    7F4CH     0079H     UNIT         ?PR?_OLED_CH16_STR?SEEKFREE_MPU6050
            CODE    7FC5H     0076H     UNIT         ?PR?_PCA_INIT_INTERRUPT_MS?ZF_PCA_PIT
            CODE    803BH     0076H     UNIT         ?PR?STRONG_TEMP_HANDLE?USER_MENU
            CODE    80B1H     0074H     UNIT         ?PR?_IIC_WRITE_REG?ZF_IIC
            CODE    8125H     0071H     UNIT         ?PR?TM4_ISR?USER_BUTTON
            CODE    8196H     006BH     UNIT         ?PR?_PCA_RELOAD_COUNTER?ZF_PCA_PIT
            CODE    8201H     0066H     UNIT         ?PR?_OLED_PRINT?SEEKFREE_MPU6050
            CODE    8267H     0066H     UNIT         ?PR?PCA_ISR?ISR
            CODE    82CDH     0060H     UNIT         ?PR?_PCA_INIT?ZF_PCA_PIT
            CODE    832DH     005BH     UNIT         ?PR?_SIMIIC_READ_REGS?SEEKFREE_IIC
            CODE    8388H     005BH     UNIT         ?PR?_OLED_SHOWSTRING?SEEKFREE_MPU6050
            CODE    83E3H     0059H     UNIT         ?PR?BOARD_INIT?BOARD
            CODE    843CH     0053H     UNIT         ?PR?UARTISR?ISR
            CODE    848FH     0053H     UNIT         ?PR?ADC_SYS_TEMP_GET?USER_ADC
            CODE    84E2H     0050H     UNIT         ?PR?_FILL_PICTURE?SEEKFREE_MPU6050
            CODE    8532H     004FH     UNIT         ?PR?DATA_INIT?USER_MENU
            CODE    8581H     004EH     UNIT         ?PR?OLED_ON?SEEKFREE_MPU6050
            CODE    85CFH     004CH     UNIT         ?PR?OLED_OFF_HANDLE?USER_MENU
            CODE    861BH     004BH     UNIT         ?PR?_UART_PUTCHAR?ZF_UART
BL51 BANKED LINKER/LOCATER V6.22.2.0                                                  07/02/2021  21:25:49  PAGE 5


            CODE    8666H     0049H     UNIT         ?PR?_ADC_INIT?ZF_ADC
            CODE    86AFH     0049H     UNIT         ?PR?_CTIMER_COUNT_CLEAN?ZF_TIM
            CODE    86F8H     0049H     UNIT         ?PR?OLED_CLEAR?SEEKFREE_MPU6050
            CODE    8741H     0049H     UNIT         ?PR?_ADC_GET_FILTER?USER_ADC
            CODE    878AH     0047H     UNIT         ?PR?_IIC_INIT?ZF_IIC
            CODE    87D1H     0047H     UNIT         ?PR?USER_BUTTON
            CODE    8818H     0046H     UNIT         ?PR?_CTIMER_COUNT_READ?ZF_TIM
            CODE    885EH     0044H     UNIT         ?PR?ZF_PCA_PIT
            CODE    88A2H     0042H     UNIT         ?PR?_CTIMER_COUNT_INIT?ZF_TIM
            CODE    88E4H     0042H     UNIT         ?PR?_OLED_POW?SEEKFREE_MPU6050
            CODE    8926H     0041H     UNIT         ?PR?_FILL_24X1?SEEKFREE_MPU6050
            CODE    8967H     0040H     UNIT         ?PR?PWM_OUT_GET?USER_PID
            CODE    89A7H     003BH     UNIT         ?PR?_SIMIIC_READ_REG?SEEKFREE_IIC
            CODE    89E2H     003BH     UNIT         ?PR?BEEP_HANDLE?USER_MENU
            CODE    8A1DH     003AH     UNIT         ?PR?TM3_ISR?USER_BUTTON
            CODE    8A57H     0039H     UNIT         ?PR?KEY_PRESS_HANDLER?USER_BUTTON
            CODE    8A90H     0037H     UNIT         ?PR?WAIT?ZF_IIC
            CODE    8AC7H     0037H     UNIT         ?PR?_GPIO_PULL_SET?ZF_GPIO
            CODE    8AFEH     0035H     UNIT         ?PR?_READ_CH?SEEKFREE_IIC
            CODE    8B33H     0035H     UNIT         ?PR?USER_PID
            CODE    8B68H     0034H     UNIT         ?PR?_EXIT_INIT?ZF_EXTI
            CODE    8B9CH     0032H     UNIT         ?PR?ZF_GPIO
            CODE    8BCEH     0032H     UNIT         ?PR?_OLED_SET_POS?SEEKFREE_MPU6050
            CODE    8C00H     002FH     UNIT         ?PR?_IAP_WRITE_BYTES?ZF_EEPROM
            CODE    8C2FH     002FH     UNIT         ?PR?OLED_SLEEP_HANDLE?USER_BUTTON
            CODE    8C5EH     002DH     UNIT         ?PR?_IAP_READ_BYTES?ZF_EEPROM
            CODE    8C8BH     002CH     UNIT         ?PR?I2C_ISR?USER_LIB_IIC
            CODE    8CB7H     002BH     UNIT         ?PR?_ADC_ONCE?ZF_ADC
            CODE    8CE2H     002BH     UNIT         ?PR?ALL_PWM_INIT?USER_PID
            CODE    8D0DH     0029H     UNIT         ?PR?PCA_DEALY_INIT?ZF_PCA_DELAY
            CODE    8D36H     0028H     UNIT         ?PR?BOARD
            CODE    8D5EH     0027H     UNIT         ?PR?ZF_UART
            CODE    8D85H     0026H     UNIT         ?PR?_SEND_CH?SEEKFREE_IIC
            CODE    8DABH     0024H     UNIT         ?PR?ZF_EEPROM
            CODE    8DCFH     0022H     UNIT         ?PR?ZF_IIC
            CODE    8DF1H     0022H     UNIT         ?PR?_SHOW_SET_TEMP?SEEKFREE_MPU6050
            CODE    8E13H     0022H     UNIT         ?PR?UART2ISR?ISR
            CODE    8E35H     0022H     UNIT         ?PR?UART3ISR?ISR
            CODE    8E57H     0022H     UNIT         ?PR?UART4ISR?ISR
            CODE    8E79H     0021H     UNIT         ?PR?_UART_PUTBUFF?ZF_UART
            CODE    8E9AH     0021H     UNIT         ?PR?_UART_PUTSTR?ZF_UART
            CODE    8EBBH     0020H     UNIT         ?PR?USER_EEPROM
            CODE    8EDBH     0020H     UNIT         ?PR?USER_IIC_INIT?USER_LIB_IIC
            CODE    8EFBH     001EH     UNIT         ?PR?IAP_SET_TPS?ZF_EEPROM
            CODE    8F19H     001DH     UNIT         ?PR?_USER_IIC_WRITE_REG?USER_LIB_IIC
            CODE    8F36H     001CH     UNIT         ?PR?_SIMIIC_WRITE_REG?SEEKFREE_IIC
            CODE    8F52H     001CH     UNIT         ?PR?_OLED_WR_BYTE?SEEKFREE_MPU6050
            CODE    8F6EH     001CH     UNIT         ?PR?BUTTON_INIT?USER_BUTTON
            CODE    8F8AH     001CH     UNIT         ?PR?ADC_IRON_GET_HANDLE?USER_BUTTON
            CODE    8FA6H     001AH     UNIT         ?PR?_SIMIIC_SENDACK?SEEKFREE_IIC
            CODE    8FC0H     0019H     UNIT         ?PR?_EEPROM_READ?USER_EEPROM
            CODE    8FD9H     0019H     UNIT         ?PR?_EEPROM_WRITE?USER_EEPROM
            CODE    8FF2H     0019H     UNIT         ?PR?_EEPROM_ERASE?USER_EEPROM
            CODE    900BH     0016H     UNIT         ?PR?SIMIIC_DELAY?SEEKFREE_IIC
            CODE    9021H     0016H     UNIT         ?PR?SCCB_WAITACK?SEEKFREE_IIC
            CODE    9037H     0014H     UNIT         ?PR?_PCA_DELAY_MS?ZF_PCA_DELAY
            CODE    904BH     0013H     UNIT         ?PR?_IIC_DELAY_US?ZF_IIC
BL51 BANKED LINKER/LOCATER V6.22.2.0                                                  07/02/2021  21:25:49  PAGE 6


            CODE    905EH     0013H     UNIT         ?PR?USER_IIC_DELAY?USER_LIB_IIC
            CODE    9071H     0012H     UNIT         ?PR?_PCA_GET?ZF_PCA_PIT
            CODE    9083H     0012H     UNIT         ?PR?SEEKFREE_IIC
            CODE    9095H     0011H     UNIT         ?PR?_PUTCHAR?BOARD
            CODE    90A6H     000FH     UNIT         ?PR?RECV_DATA?ZF_IIC
            CODE    90B5H     000FH     UNIT         ?PR?SIMIIC_START?SEEKFREE_IIC
            CODE    90C4H     000FH     UNIT         ?PR?USER_IIC_RECVDATA?USER_LIB_IIC
            CODE    90D3H     000EH     UNIT         ?PR?_SEND_DATA?ZF_IIC
            CODE    90E1H     000EH     UNIT         ?PR?IAP_GET_CMD_STATE?ZF_EEPROM
            CODE    90EFH     000EH     UNIT         ?PR?MAIN
            CODE    90FDH     000EH     UNIT         ?PR?_USER_IIC_SENDDATA?USER_LIB_IIC
            CODE    910BH     000CH     UNIT         ?PR?USER_IIC_RECVACK?USER_LIB_IIC
            CODE    9117H     000BH     UNIT         ?PR?_IAP_ERASE_PAGE?ZF_EEPROM
            CODE    9122H     000BH     UNIT         ?PR?USER_LIB_IIC
            CODE    912DH     000AH     UNIT         ?PR?_PCA_CLEAN?ZF_PCA_PIT
            CODE    9137H     000AH     UNIT         ?PR?SIMIIC_STOP?SEEKFREE_IIC
            CODE    9141H     0009H     UNIT         ?PR?START?ZF_IIC
            CODE    914AH     0009H     UNIT         ?PR?RECV_ACK?ZF_IIC
            CODE    9153H     0009H     UNIT         ?PR?STOP?ZF_IIC
            CODE    915CH     0009H     UNIT         ?PR?_WRITE_IIC_COMMAND?SEEKFREE_MPU6050
            CODE    9165H     0009H     UNIT         ?PR?_WRITE_IIC_DATA?SEEKFREE_MPU6050
            CODE    916EH     0009H     UNIT         ?PR?USER_IIC_START?USER_LIB_IIC
            CODE    9177H     0009H     UNIT         ?PR?USER_IIC_STOP?USER_LIB_IIC
            CODE    9180H     0008H     UNIT         ?PR?SEND_NAK?ZF_IIC
            CODE    9188H     0008H     UNIT         ?PR?USER_IIC_SENDNAK?USER_LIB_IIC
            CODE    9190H     0007H     UNIT         ?PR?SEND_ACK?ZF_IIC
            CODE    9197H     0007H     UNIT         ?CO?MAIN
            CODE    919EH     0007H     UNIT         ?PR?SUER_IIC_SENDACK?USER_LIB_IIC
            CODE    91A5H     0006H     UNIT         ?PR?IAP_INIT?ZF_EEPROM
            CODE    91ABH     0006H     UNIT         ?CO?SEEKFREE_MPU6050



OVERLAY MAP OF MODULE:   .\Out_File\Mini_T12_Demo (COMMON)


SEGMENT                                             BIT_GROUP          DATA_GROUP          XDATA_GROUP
  +--> CALLED SEGMENT                            START    LENGTH     START    LENGTH     START    LENGTH
--------------------------------------------------------------------------------------------------------
?PR?TM1_ISR?USER_BUTTON                          -----    -----      -----    -----      -----    -----
  +--> ?PR?USER_BUTTON

*** NEW ROOT ***************************************************

?PR?TM3_ISR?USER_BUTTON                          -----    -----      -----    -----      -----    -----
  +--> ?PR?USER_BUTTON

*** NEW ROOT ***************************************************

?C_C51STARTUP                                    -----    -----      -----    -----      -----    -----
  +--> ?PR?MAIN?MAIN
  +--> ?C_INITSEG

?PR?MAIN?MAIN                                    -----    -----      -----    -----      -----    -----
  +--> ?PR?DISABLEGLOBALIRQ?BOARD
  +--> ?PR?BOARD_INIT?BOARD
  +--> ?PR?USER_ADC_INIT?USER_ADC
BL51 BANKED LINKER/LOCATER V6.22.2.0                                                  07/02/2021  21:25:49  PAGE 7


  +--> ?PR?BUTTON_INIT?USER_BUTTON
  +--> ?PR?ALL_PWM_INIT?USER_PID
  +--> ?PR?OLED_INIT?SEEKFREE_MPU6050
  +--> ?PR?_PIT_TIMER_MS?ZF_TIM
  +--> ?PR?ENABLEGLOBALIRQ?BOARD
  +--> ?PR?_EEPROM_READ?USER_EEPROM
  +--> ?PR?DATA_RESTORE?USER_MENU
  +--> ?PR?FUNCTION_INIT?USER_MENU
  +--> ?PR?ADC_SYS_TEMP_GET?USER_ADC
  +--> ?PR?ADC_VIN_GET?USER_ADC
  +--> ?PR?MAIN
  +--> ?PR?_TOP_MENU?USER_MENU
  +--> ?PR?SHOW_MENU?USER_MENU
  +--> ?PR?KEY_PRESS?USER_MENU
  +--> ?PR?KEY_PRESS_HANDLER?USER_BUTTON
  +--> ?PR?OLED_SLEEP_HANDLE?USER_BUTTON
  +--> ?PR?ADC_IRON_GET_HANDLE?USER_BUTTON
  +--> ?PR?_ADC_IRON_TEMP?USER_ADC
  +--> ?CO?MAIN
  +--> ?PR?PRINTF?PRINTF
  +--> ?PR?_ADC_GET_FILTER?USER_ADC

?PR?BOARD_INIT?BOARD                             -----    -----      -----    -----      -----    -----
  +--> ?PR?GET_CLK?BOARD
  +--> ?PR?PCA_DEALY_INIT?ZF_PCA_DELAY
  +--> ?PR?_UART_INIT?ZF_UART

?PR?GET_CLK?BOARD                                -----    -----      -----    -----      00E9H    0004H
  +--> ?PR?BOARD

?PR?_UART_INIT?ZF_UART                           -----    -----      -----    -----      00E9H    0008H
  +--> ?PR?ZF_UART

?PR?USER_ADC_INIT?USER_ADC                       -----    -----      -----    -----      -----    -----
  +--> ?PR?_ADC_INIT?ZF_ADC

?PR?BUTTON_INIT?USER_BUTTON                      -----    -----      -----    -----      -----    -----
  +--> ?PR?_GPIO_PULL_SET?ZF_GPIO

?PR?_GPIO_PULL_SET?ZF_GPIO                       -----    -----      -----    -----      -----    -----
  +--> ?PR?ZF_GPIO

?PR?ALL_PWM_INIT?USER_PID                        -----    -----      -----    -----      -----    -----
  +--> ?PR?_PWM_INIT?ZF_PWM

?PR?_PWM_INIT?ZF_PWM                             -----    -----      -----    -----      00E9H    000CH
  +--> ?PR?_GPIO_MODE?ZF_GPIO
  +--> ?PR?ZF_PWM

?PR?_GPIO_MODE?ZF_GPIO                           -----    -----      -----    -----      -----    -----
  +--> ?PR?ZF_GPIO

?PR?OLED_INIT?SEEKFREE_MPU6050                   -----    -----      -----    -----      -----    -----
  +--> ?PR?_OLED_WR_BYTE?SEEKFREE_MPU6050
  +--> ?PR?OLED_CLEAR?SEEKFREE_MPU6050

?PR?_OLED_WR_BYTE?SEEKFREE_MPU6050               -----    -----      -----    -----      0123H    0002H
BL51 BANKED LINKER/LOCATER V6.22.2.0                                                  07/02/2021  21:25:49  PAGE 8


  +--> ?PR?_WRITE_IIC_DATA?SEEKFREE_MPU6050
  +--> ?PR?_WRITE_IIC_COMMAND?SEEKFREE_MPU6050

?PR?_WRITE_IIC_DATA?SEEKFREE_MPU6050             -----    -----      -----    -----      -----    -----
  +--> ?PR?_SIMIIC_WRITE_REG?SEEKFREE_IIC

?PR?_SIMIIC_WRITE_REG?SEEKFREE_IIC               -----    -----      -----    -----      0125H    0001H
  +--> ?PR?SIMIIC_START?SEEKFREE_IIC
  +--> ?PR?_SEND_CH?SEEKFREE_IIC
  +--> ?PR?SIMIIC_STOP?SEEKFREE_IIC

?PR?SIMIIC_START?SEEKFREE_IIC                    -----    -----      -----    -----      -----    -----
  +--> ?PR?SIMIIC_DELAY?SEEKFREE_IIC

?PR?_SEND_CH?SEEKFREE_IIC                        -----    -----      -----    -----      -----    -----
  +--> ?PR?SIMIIC_DELAY?SEEKFREE_IIC
  +--> ?PR?SCCB_WAITACK?SEEKFREE_IIC

?PR?SCCB_WAITACK?SEEKFREE_IIC                    -----    -----      -----    -----      -----    -----
  +--> ?PR?SIMIIC_DELAY?SEEKFREE_IIC

?PR?SIMIIC_STOP?SEEKFREE_IIC                     -----    -----      -----    -----      -----    -----
  +--> ?PR?SIMIIC_DELAY?SEEKFREE_IIC

?PR?_WRITE_IIC_COMMAND?SEEKFREE_MPU6050          -----    -----      -----    -----      -----    -----
  +--> ?PR?_SIMIIC_WRITE_REG?SEEKFREE_IIC

?PR?OLED_CLEAR?SEEKFREE_MPU6050                  -----    -----      -----    -----      00E9H    0002H
  +--> ?PR?SEEKFREE_MPU6050
  +--> ?PR?_OLED_WR_BYTE?SEEKFREE_MPU6050

?PR?SEEKFREE_MPU6050                             -----    -----      -----    -----      -----    -----
  +--> ?CO?SEEKFREE_FONT

?PR?_PIT_TIMER_MS?ZF_TIM                         -----    -----      -----    -----      00E9H    0001H

?PR?_EEPROM_READ?USER_EEPROM                     -----    -----      -----    -----      00E9H    0006H
  +--> ?PR?USER_EEPROM
  +--> ?PR?IAP_INIT?ZF_EEPROM
  +--> ?PR?_IAP_READ_BYTES?ZF_EEPROM
  +--> ?PR?IAP_IDLE?ZF_EEPROM

?PR?IAP_INIT?ZF_EEPROM                           -----    -----      -----    -----      -----    -----
  +--> ?PR?IAP_SET_TPS?ZF_EEPROM

?PR?_IAP_READ_BYTES?ZF_EEPROM                    -----    -----      -----    -----      00EFH    0006H
  +--> ?PR?ZF_EEPROM

?PR?DATA_RESTORE?USER_MENU                       -----    -----      -----    -----      -----    -----
  +--> ?PR?USER_MENU

?PR?USER_MENU                                    -----    -----      -----    -----      -----    -----
  +--> ?CO?USER_MENU
  +--> ?PR?DATA_TRANSMIT?USER_MENU

?PR?FUNCTION_INIT?USER_MENU                      -----    -----      -----    -----      -----    -----
  +--> ?PR?USER_MENU
BL51 BANKED LINKER/LOCATER V6.22.2.0                                                  07/02/2021  21:25:49  PAGE 9


  +--> ?PR?_OLED_WR_BYTE?SEEKFREE_MPU6050
  +--> ?PR?_EEPROM_ERASE?USER_EEPROM
  +--> ?PR?_EEPROM_WRITE?USER_EEPROM
  +--> ?PR?DATA_INIT?USER_MENU

?PR?_EEPROM_ERASE?USER_EEPROM                    -----    -----      -----    -----      00E9H    0002H
  +--> ?PR?IAP_INIT?ZF_EEPROM
  +--> ?PR?_IAP_ERASE_PAGE?ZF_EEPROM
  +--> ?PR?IAP_IDLE?ZF_EEPROM

?PR?_IAP_ERASE_PAGE?ZF_EEPROM                    -----    -----      -----    -----      -----    -----
  +--> ?PR?ZF_EEPROM

?PR?_EEPROM_WRITE?USER_EEPROM                    -----    -----      -----    -----      00E9H    0006H
  +--> ?PR?USER_EEPROM
  +--> ?PR?IAP_INIT?ZF_EEPROM
  +--> ?PR?_IAP_WRITE_BYTES?ZF_EEPROM
  +--> ?PR?IAP_IDLE?ZF_EEPROM

?PR?_IAP_WRITE_BYTES?ZF_EEPROM                   -----    -----      -----    -----      00EFH    0006H
  +--> ?PR?ZF_EEPROM

?PR?DATA_INIT?USER_MENU                          -----    -----      -----    -----      00E9H    0002H
  +--> ?PR?USER_MENU
  +--> ?CO?USER_MENU

?PR?ADC_SYS_TEMP_GET?USER_ADC                    -----    -----      -----    -----      00EFH    0004H
  +--> ?PR?_ADC_ONCE?ZF_ADC
  +--> ?PR?USER_ADC

?PR?ADC_VIN_GET?USER_ADC                         -----    -----      -----    -----      00F4H    00D8H
  +--> ?PR?_ADC_ONCE?ZF_ADC
  +--> ?PR?USER_ADC

?PR?_TOP_MENU?USER_MENU                          -----    -----      -----    -----      00E9H    0007H
  +--> ?PR?PWM_OUT_GET?USER_PID
  +--> ?PR?BEEP_HANDLE?USER_MENU
  +--> ?PR?OLED_OFF_HANDLE?USER_MENU
  +--> ?CO?USER_MENU
  +--> ?PR?USER_MENU
  +--> ?PR?_OLED_SHOWNUM?SEEKFREE_MPU6050
  +--> ?PR?_OLED_SHOWSTRING?SEEKFREE_MPU6050
  +--> ?PR?_SHOW_SET_TEMP?SEEKFREE_MPU6050
  +--> ?PR?_SHOW_TEMP?SEEKFREE_MPU6050
  +--> ?PR?_SHOW_IMG56X8?SEEKFREE_MPU6050
  +--> ?PR?_SHOW_IMG16X16?SEEKFREE_MPU6050

?PR?PWM_OUT_GET?USER_PID                         -----    -----      -----    -----      -----    -----
  +--> ?PR?USER_PID
  +--> ?PR?_IRON_TEMP_CONTROL?USER_PID
  +--> ?PR?_PWM_DUTY?ZF_PWM

?PR?_IRON_TEMP_CONTROL?USER_PID                  -----    -----      -----    -----      00F0H    000CH
  +--> ?PR?USER_PID

?PR?_PWM_DUTY?ZF_PWM                             -----    -----      -----    -----      00F0H    0005H
  +--> ?PR?ZF_PWM
BL51 BANKED LINKER/LOCATER V6.22.2.0                                                  07/02/2021  21:25:49  PAGE 10



?PR?BEEP_HANDLE?USER_MENU                        -----    -----      -----    -----      -----    -----
  +--> ?PR?USER_MENU
  +--> ?PR?_PWM_DUTY?ZF_PWM

?PR?OLED_OFF_HANDLE?USER_MENU                    -----    -----      -----    -----      -----    -----
  +--> ?PR?_OLED_WR_BYTE?SEEKFREE_MPU6050

?PR?_OLED_SHOWNUM?SEEKFREE_MPU6050               -----    -----      -----    -----      0110H    000BH
  +--> ?PR?_OLED_POW?SEEKFREE_MPU6050
  +--> ?PR?SEEKFREE_MPU6050
  +--> ?PR?_OLED_SHOWCHAR?SEEKFREE_MPU6050

?PR?_OLED_POW?SEEKFREE_MPU6050                   -----    -----      -----    -----      011BH    0006H
  +--> ?PR?SEEKFREE_MPU6050

?PR?_OLED_SHOWCHAR?SEEKFREE_MPU6050              -----    -----      -----    -----      011BH    0006H
  +--> ?PR?SEEKFREE_MPU6050
  +--> ?PR?_OLED_WR_BYTE?SEEKFREE_MPU6050
  +--> ?PR?_OLED_SET_POS?SEEKFREE_MPU6050

?PR?_OLED_SET_POS?SEEKFREE_MPU6050               -----    -----      -----    -----      0122H    0001H
  +--> ?PR?_OLED_WR_BYTE?SEEKFREE_MPU6050

?PR?_OLED_SHOWSTRING?SEEKFREE_MPU6050            -----    -----      -----    -----      0110H    0007H
  +--> ?PR?SEEKFREE_MPU6050
  +--> ?PR?_OLED_SHOWCHAR?SEEKFREE_MPU6050

?PR?_SHOW_SET_TEMP?SEEKFREE_MPU6050              -----    -----      -----    -----      -----    -----
  +--> ?PR?_OLED_SHOWNUM?SEEKFREE_MPU6050

?PR?_SHOW_TEMP?SEEKFREE_MPU6050                  -----    -----      -----    -----      00F0H    0004H
  +--> ?PR?SEEKFREE_MPU6050
  +--> ?PR?_OLED_P16X32STR?SEEKFREE_MPU6050
  +--> ?PR?_DRAW_IMG48X32?SEEKFREE_MPU6050
  +--> ?PR?_DRAW_IMG24X24?SEEKFREE_MPU6050
  +--> ?PR?ADC_VIN_GET?USER_ADC

?PR?_OLED_P16X32STR?SEEKFREE_MPU6050             -----    -----      -----    -----      00F4H    0007H
  +--> ?PR?SEEKFREE_MPU6050
  +--> ?PR?_OLED_SET_POS?SEEKFREE_MPU6050
  +--> ?CO?SEEKFREE_FONT
  +--> ?PR?_OLED_WR_BYTE?SEEKFREE_MPU6050

?PR?_DRAW_IMG48X32?SEEKFREE_MPU6050              -----    -----      -----    -----      00F4H    0007H
  +--> ?PR?SEEKFREE_MPU6050
  +--> ?PR?_OLED_SET_POS?SEEKFREE_MPU6050
  +--> ?CO?SEEKFREE_FONT
  +--> ?PR?_OLED_WR_BYTE?SEEKFREE_MPU6050

?PR?_DRAW_IMG24X24?SEEKFREE_MPU6050              -----    -----      -----    -----      00F4H    0007H
  +--> ?PR?SEEKFREE_MPU6050
  +--> ?PR?_OLED_SET_POS?SEEKFREE_MPU6050
  +--> ?CO?SEEKFREE_FONT
  +--> ?PR?_OLED_WR_BYTE?SEEKFREE_MPU6050

?PR?_SHOW_IMG56X8?SEEKFREE_MPU6050               -----    -----      -----    -----      00F0H    0007H
BL51 BANKED LINKER/LOCATER V6.22.2.0                                                  07/02/2021  21:25:49  PAGE 11


  +--> ?PR?SEEKFREE_MPU6050
  +--> ?PR?_OLED_SET_POS?SEEKFREE_MPU6050
  +--> ?CO?SEEKFREE_FONT
  +--> ?PR?_OLED_WR_BYTE?SEEKFREE_MPU6050
  +--> ?PR?_OLED_SHOWNUM?SEEKFREE_MPU6050
  +--> ?CO?SEEKFREE_MPU6050
  +--> ?PR?_OLED_SHOWSTRING?SEEKFREE_MPU6050

?PR?_SHOW_IMG16X16?SEEKFREE_MPU6050              -----    -----      -----    -----      00F0H    0007H
  +--> ?PR?_OLED_SET_POS?SEEKFREE_MPU6050
  +--> ?PR?SEEKFREE_MPU6050
  +--> ?CO?SEEKFREE_FONT
  +--> ?PR?_OLED_WR_BYTE?SEEKFREE_MPU6050

?PR?SHOW_MENU?USER_MENU                          -----    -----      -----    -----      -----    -----
  +--> ?PR?STRONG_TEMP_HANDLE?USER_MENU
  +--> ?PR?_ROW_PAGE?USER_MENU
  +--> ?PR?_NEW_ROW_PAGE?USER_MENU
  +--> ?PR?_PAGE_ONE_MENU?USER_MENU
  +--> ?PR?USER_MENU
  +--> ?CO?USER_MENU
  +--> ?PR?_OLED_SHOWSTRING?SEEKFREE_MPU6050
  +--> ?PR?_OLED_P8X16STR?SEEKFREE_MPU6050
  +--> ?PR?_ROW_PAGE_TWO?USER_MENU

?PR?STRONG_TEMP_HANDLE?USER_MENU                 -----    -----      -----    -----      -----    -----
  +--> ?PR?USER_MENU
  +--> ?PR?_SHOW_IMG16X16?SEEKFREE_MPU6050

?PR?_ROW_PAGE?USER_MENU                          -----    -----      -----    -----      00E9H    0003H
  +--> ?PR?USER_MENU
  +--> ?PR?_DRAW_IMG34X24?SEEKFREE_MPU6050

?PR?_DRAW_IMG34X24?SEEKFREE_MPU6050              -----    -----      -----    -----      00ECH    0008H
  +--> ?PR?SEEKFREE_MPU6050
  +--> ?PR?_OLED_SET_POS?SEEKFREE_MPU6050
  +--> ?PR?_OLED_WR_BYTE?SEEKFREE_MPU6050

?PR?_NEW_ROW_PAGE?USER_MENU                      -----    -----      -----    -----      00E9H    0004H
  +--> ?PR?USER_MENU
  +--> ?PR?_DRAW_IMG42X32_LIMIT?SEEKFREE_MPU...
  +--> ?PR?_PCA_DELAY_MS?ZF_PCA_DELAY

?PR?_DRAW_IMG42X32_LIMIT?SEEKFREE_MPU...         -----    -----      -----    -----      00EDH    000AH
  +--> ?PR?SEEKFREE_MPU6050
  +--> ?PR?_OLED_SET_POS?SEEKFREE_MPU6050
  +--> ?PR?_OLED_WR_BYTE?SEEKFREE_MPU6050

?PR?_PCA_DELAY_MS?ZF_PCA_DELAY                   -----    -----      -----    -----      -----    -----
  +--> ?PR?PCA_DELAY?ZF_PCA_DELAY

?PR?_PAGE_ONE_MENU?USER_MENU                     -----    -----      -----    -----      -----    -----
  +--> ?PR?_OLED_CH16_CHAR?SEEKFREE_MPU6050

?PR?_OLED_CH16_CHAR?SEEKFREE_MPU6050             -----    -----      -----    -----      0110H    000BH
  +--> ?PR?SEEKFREE_MPU6050
  +--> ?CO?SEEKFREE_MPU6050
BL51 BANKED LINKER/LOCATER V6.22.2.0                                                  07/02/2021  21:25:49  PAGE 12


  +--> ?CO?USER_MENU
  +--> ?PR?_OLED_CH16_STR?SEEKFREE_MPU6050

?PR?_OLED_CH16_STR?SEEKFREE_MPU6050              -----    -----      -----    -----      011BH    0007H
  +--> ?PR?SEEKFREE_MPU6050
  +--> ?PR?_OLED_SET_POS?SEEKFREE_MPU6050
  +--> ?PR?_OLED_WR_BYTE?SEEKFREE_MPU6050

?PR?_OLED_P8X16STR?SEEKFREE_MPU6050              -----    -----      -----    -----      00E9H    0008H
  +--> ?PR?SEEKFREE_MPU6050
  +--> ?PR?_OLED_SET_POS?SEEKFREE_MPU6050
  +--> ?PR?_OLED_WR_BYTE?SEEKFREE_MPU6050

?PR?_ROW_PAGE_TWO?USER_MENU                      -----    -----      -----    -----      00E9H    0027H
  +--> ?CO?USER_MENU
  +--> ?PR?USER_MENU
  +--> ?PR?_OLED_CH16_CHAR?SEEKFREE_MPU6050
  +--> ?PR?_OLED_SHOWNUM?SEEKFREE_MPU6050
  +--> ?PR?_OLED_SHOWSTRING?SEEKFREE_MPU6050

?PR?KEY_PRESS?USER_MENU                          -----    -----      -----    -----      -----    -----
  +--> ?PR?USER_MENU
  +--> ?PR?FUNCTION_EXECUTE?USER_MENU
  +--> ?PR?OLED_CLEAR?SEEKFREE_MPU6050
  +--> ?CO?USER_MENU

?PR?FUNCTION_EXECUTE?USER_MENU                   -----    -----      -----    -----      -----    -----
  +--> ?PR?_OLED_WR_BYTE?SEEKFREE_MPU6050
  +--> ?PR?USER_MENU
  +--> ?PR?_EEPROM_ERASE?USER_EEPROM
  +--> ?PR?_EEPROM_WRITE?USER_EEPROM
  +--> ?PR?DATA_INIT?USER_MENU

?PR?OLED_SLEEP_HANDLE?USER_BUTTON                -----    -----      -----    -----      -----    -----
  +--> ?PR?USER_BUTTON
  +--> ?PR?_OLED_WR_BYTE?SEEKFREE_MPU6050

?PR?ADC_IRON_GET_HANDLE?USER_BUTTON              -----    -----      -----    -----      -----    -----
  +--> ?PR?USER_BUTTON
  +--> ?PR?_ADC_ONCE?ZF_ADC

?PR?_ADC_IRON_TEMP?USER_ADC                      -----    -----      -----    -----      00E9H    0006H
  +--> ?PR?USER_ADC
  +--> ?PR?ADC_SYS_TEMP_GET?USER_ADC

?PR?PRINTF?PRINTF                                0020H.0  0001H.1    0008H    0005H      00E9H    0030H
  +--> ?PR?_PUTCHAR?BOARD

?PR?_PUTCHAR?BOARD                               -----    -----      -----    -----      0119H    0001H
  +--> ?PR?_UART_PUTCHAR?ZF_UART

?PR?_ADC_GET_FILTER?USER_ADC                     -----    -----      -----    -----      -----    -----
  +--> ?PR?USER_ADC



SYMBOL TABLE OF MODULE:  .\Out_File\Mini_T12_Demo (COMMON)
BL51 BANKED LINKER/LOCATER V6.22.2.0                                                  07/02/2021  21:25:49  PAGE 13



  VALUE           TYPE          NAME
  ----------------------------------

  -------         MODULE        COMMON
  C:0000H         SYMBOL        _ICE_DUMMY_
  D:0080H         PUBLIC        P0
  D:0090H         PUBLIC        P1
  D:00A0H         PUBLIC        P2
  D:00B0H         PUBLIC        P3
  D:00C0H         PUBLIC        P4
  D:00C8H         PUBLIC        P5
  D:00A8H         PUBLIC        IE
  D:00B8H         PUBLIC        IP
  D:00D8H         PUBLIC        CCON
  D:0098H         PUBLIC        SCON
  D:0088H         PUBLIC        TCON
  D:00D0H         PUBLIC        PSW
  -------         ENDMOD        COMMON

  -------         MODULE        BOARD
  C:0000H         SYMBOL        _ICE_DUMMY_
  D:0093H         PUBLIC        P0M1
  D:0092H         PUBLIC        P1M0
  D:0096H         PUBLIC        P2M0
  D:0091H         PUBLIC        P1M1
  D:0080H         PUBLIC        P0
  D:00B2H         PUBLIC        P3M0
  D:0095H         PUBLIC        P2M1
  D:0090H         PUBLIC        P1
  D:00B4H         PUBLIC        P4M0
  D:00B1H         PUBLIC        P3M1
  D:00A0H         PUBLIC        P2
  D:00CAH         PUBLIC        P5M0
  D:00B3H         PUBLIC        P4M1
  D:00B0H         PUBLIC        P3
  D:00C9H         PUBLIC        P5M1
  D:00C0H         PUBLIC        P4
  D:00C8H         PUBLIC        P5
  B:00A8H.7       PUBLIC        EA
  D:00F9H         PUBLIC        CH
  D:00A2H         PUBLIC        P_SW1
  D:00BAH         PUBLIC        P_SW2
  C:003EH         PUBLIC        EnableGlobalIRQ
  D:00A8H         PUBLIC        IE
  D:00E9H         PUBLIC        CL
  D:00B8H         PUBLIC        IP
  D:00DEH         PUBLIC        ADCCFG
  C:83E3H         PUBLIC        board_init
  D:00D9H         PUBLIC        CMOD
  D:00D8H         PUBLIC        CCON
  D:0098H         PUBLIC        SCON
  D:0089H         PUBLIC        TMOD
  D:0088H         PUBLIC        TCON
  D:00AFH         PUBLIC        IE2
  D:008EH         PUBLIC        AUXR
  D:009FH         PUBLIC        IRTRIM
BL51 BANKED LINKER/LOCATER V6.22.2.0                                                  07/02/2021  21:25:49  PAGE 14


  C:6278H         PUBLIC        get_clk
  D:009AH         PUBLIC        S2CON
  D:00ACH         PUBLIC        S3CON
  D:0084H         PUBLIC        S4CON
  D:009DH         PUBLIC        IRCBAND
  D:00D0H         PUBLIC        PSW
  C:001EH         PUBLIC        DisableGlobalIRQ
  C:9095H         PUBLIC        _putchar
  X:03B5H         PUBLIC        sys_clk
  D:0094H         PUBLIC        P0M0
  C:8D36H         SYMBOL        Com001F
  C:8D36H         SYMBOL        L?0032
  C:8D38H         SYMBOL        L?0033
  C:8D3AH         SYMBOL        L?0034
  C:8D4CH         SYMBOL        L?0035
  -------         PROC          COM001F
  -------         ENDPROC       COM001F
  -------         PROC          GET_CLK
  -------         DO            
  X:00E9H         SYMBOL        temp_count
  -------         ENDDO         
  C:6278H         LINE#         42
  C:6278H         LINE#         43
  C:6278H         LINE#         46
  C:627BH         LINE#         48
  C:627FH         LINE#         49
  C:629FH         LINE#         51
  C:62C3H         LINE#         53
  C:62E7H         LINE#         55
  C:62F4H         LINE#         56
  C:62FDH         LINE#         57
  C:630AH         LINE#         58
  C:6313H         LINE#         59
  C:6320H         LINE#         60
  C:6329H         LINE#         61
  C:6336H         LINE#         62
  C:633FH         LINE#         63
  C:6348H         LINE#         64
  C:6351H         LINE#         65
  C:635AH         LINE#         66
  C:6363H         LINE#         67
  C:636EH         LINE#         68
  C:6377H         LINE#         69
  C:6382H         LINE#         70
  C:638BH         LINE#         71
  C:6396H         LINE#         72
  C:639FH         LINE#         73
  C:63AAH         LINE#         74
  C:63B3H         LINE#         75
  C:63BEH         LINE#         76
  C:63C7H         LINE#         78
  C:63CFH         LINE#         80
  -------         ENDPROC       GET_CLK
  -------         PROC          BOARD_INIT
  C:83E3H         LINE#         89
  C:83E3H         LINE#         90
  C:83E3H         LINE#         94
BL51 BANKED LINKER/LOCATER V6.22.2.0                                                  07/02/2021  21:25:49  PAGE 15


  C:83ECH         LINE#         108
  C:83EFH         LINE#         109
  C:83F1H         LINE#         110
  C:83F3H         LINE#         111
  C:83F5H         LINE#         112
  C:83F7H         LINE#         113
  C:83F9H         LINE#         114
  C:83FBH         LINE#         115
  C:83FDH         LINE#         116
  C:83FFH         LINE#         117
  C:8401H         LINE#         118
  C:8403H         LINE#         119
  C:8405H         LINE#         120
  C:8407H         LINE#         121
  C:8409H         LINE#         122
  C:840BH         LINE#         123
  C:840DH         LINE#         124
  C:840FH         LINE#         125
  C:8411H         LINE#         126
  C:8413H         LINE#         127
  C:8415H         LINE#         128
  C:8417H         LINE#         129
  C:8419H         LINE#         130
  C:841BH         LINE#         131
  C:841DH         LINE#         132
  C:841FH         LINE#         133
  C:8421H         LINE#         134
  C:8424H         LINE#         136
  -------         ENDPROC       BOARD_INIT
  -------         PROC          _PUTCHAR
  X:0119H         SYMBOL        c
  C:9095H         LINE#         142
  C:909AH         LINE#         143
  C:909AH         LINE#         144
  C:90A0H         LINE#         145
  C:90A5H         LINE#         146
  -------         ENDPROC       _PUTCHAR
  -------         PROC          DISABLEGLOBALIRQ
  C:001EH         LINE#         156
  C:001EH         LINE#         157
  C:001EH         LINE#         158
  C:0020H         LINE#         159
  -------         ENDPROC       DISABLEGLOBALIRQ
  -------         PROC          ENABLEGLOBALIRQ
  C:003EH         LINE#         167
  C:003EH         LINE#         168
  C:003EH         LINE#         169
  C:0040H         LINE#         170
  -------         ENDPROC       ENABLEGLOBALIRQ
  -------         ENDMOD        BOARD

  -------         MODULE        ZF_IIC
  C:0000H         SYMBOL        _ICE_DUMMY_
  D:0080H         PUBLIC        P0
  D:0090H         PUBLIC        P1
  D:00A0H         PUBLIC        P2
  D:00B0H         PUBLIC        P3
BL51 BANKED LINKER/LOCATER V6.22.2.0                                                  07/02/2021  21:25:49  PAGE 16


  D:00C0H         PUBLIC        P4
  D:00C8H         PUBLIC        P5
  D:00BAH         PUBLIC        P_SW2
  D:00A8H         PUBLIC        IE
  D:00B8H         PUBLIC        IP
  D:00D8H         PUBLIC        CCON
  C:90D3H         PUBLIC        _send_data
  C:005EH         PUBLIC        _iic_change_pin
  C:90A6H         PUBLIC        recv_data
  C:9141H         PUBLIC        start
  D:0098H         PUBLIC        SCON
  D:0088H         PUBLIC        TCON
  C:8A90H         PUBLIC        wait
  C:9190H         PUBLIC        send_ack
  C:914AH         PUBLIC        recv_ack
  C:9153H         PUBLIC        stop
  C:9180H         PUBLIC        send_nak
  C:878AH         PUBLIC        _iic_init
  C:7C41H         PUBLIC        _iic_read_reg
  C:778BH         PUBLIC        _iic_read_reg_bytes
  C:80B1H         PUBLIC        _iic_write_reg
  C:904BH         PUBLIC        _iic_delay_us
  D:00D0H         PUBLIC        PSW
  C:8DCFH         SYMBOL        Com004D
  C:8DCFH         SYMBOL        L?0078
  C:8DD2H         SYMBOL        L?0079
  C:8DDEH         SYMBOL        L?0080
  C:8DDEH         SYMBOL        L?0081
  C:8DE6H         SYMBOL        L?0082
  -------         PROC          COM004D
  -------         ENDPROC       COM004D
  -------         PROC          _IIC_DELAY_US
  D:0006H         SYMBOL        x
  -------         DO            
  D:0005H         SYMBOL        i
  -------         ENDDO         
  C:904BH         LINE#         30
  C:904BH         LINE#         31
  C:904BH         LINE#         33
  C:9055H         LINE#         34
  C:9055H         LINE#         35
  C:9057H         LINE#         36
  C:905DH         LINE#         37
  C:905DH         LINE#         38
  -------         ENDPROC       _IIC_DELAY_US
  -------         PROC          WAIT
  -------         DO            
  X:03CAH         SYMBOL        count
  D:0004H         SYMBOL        ret
  -------         ENDDO         
  C:8A90H         LINE#         47
  C:8A90H         LINE#         48
  C:8A90H         LINE#         49
  C:8A97H         LINE#         50
  C:8A98H         LINE#         51
  C:8A9FH         LINE#         52
  C:8A9FH         LINE#         53
BL51 BANKED LINKER/LOCATER V6.22.2.0                                                  07/02/2021  21:25:49  PAGE 17


  C:8AA6H         LINE#         54
  C:8ABBH         LINE#         55
  C:8ABBH         LINE#         56
  C:8ABDH         LINE#         57
  C:8ABDH         LINE#         58
  C:8ABDH         LINE#         59
  C:8ABDH         LINE#         60
  C:8AC4H         LINE#         61
  C:8AC6H         LINE#         62
  -------         ENDPROC       WAIT
  -------         PROC          START
  -------         DO            
  D:0007H         SYMBOL        ret
  -------         ENDDO         
  C:9141H         LINE#         70
  C:9141H         LINE#         71
  C:9141H         LINE#         73
  C:9147H         LINE#         74
  -------         ENDPROC       START
  -------         PROC          _SEND_DATA
  D:0007H         SYMBOL        dat
  -------         DO            
  D:0007H         SYMBOL        ret
  -------         ENDDO         
  C:90D3H         LINE#         84
  C:90D3H         LINE#         85
  C:90D3H         LINE#         87
  C:90D8H         LINE#         88
  C:90DEH         LINE#         89
  -------         ENDPROC       _SEND_DATA
  -------         PROC          RECV_ACK
  -------         DO            
  D:0007H         SYMBOL        ret
  -------         ENDDO         
  C:914AH         LINE#         99
  C:914AH         LINE#         100
  C:914AH         LINE#         102
  C:9150H         LINE#         103
  -------         ENDPROC       RECV_ACK
  -------         PROC          RECV_DATA
  C:90A6H         LINE#         113
  C:90A6H         LINE#         114
  C:90A6H         LINE#         115
  C:90ACH         LINE#         116
  C:90AFH         LINE#         117
  C:90B4H         LINE#         118
  -------         ENDPROC       RECV_DATA
  -------         PROC          SEND_ACK
  -------         DO            
  D:0007H         SYMBOL        ret
  -------         ENDDO         
  C:9190H         LINE#         126
  C:9190H         LINE#         127
  C:9190H         LINE#         129
  C:9191H         LINE#         130
  C:9194H         LINE#         131
  -------         ENDPROC       SEND_ACK
BL51 BANKED LINKER/LOCATER V6.22.2.0                                                  07/02/2021  21:25:49  PAGE 18


  -------         PROC          SEND_NAK
  C:9180H         LINE#         141
  C:9180H         LINE#         142
  C:9180H         LINE#         143
  C:9182H         LINE#         144
  C:9185H         LINE#         145
  -------         ENDPROC       SEND_NAK
  -------         PROC          STOP
  -------         DO            
  D:0007H         SYMBOL        ret
  -------         ENDDO         
  C:9153H         LINE#         154
  C:9153H         LINE#         155
  C:9153H         LINE#         157
  C:9159H         LINE#         158
  -------         ENDPROC       STOP
  -------         PROC          _IIC_INIT
  D:0007H         SYMBOL        iic_n
  X:0389H         SYMBOL        scl_pin
  X:038AH         SYMBOL        sda_pin
  X:038BH         SYMBOL        wait_time
  C:878AH         LINE#         169
  C:878AH         LINE#         170
  C:878AH         LINE#         171
  C:878AH         LINE#         172
  C:878AH         LINE#         173
  C:878DH         LINE#         174
  C:8790H         LINE#         175
  C:879CH         LINE#         176
  C:879CH         LINE#         177
  C:879CH         LINE#         178
  C:879CH         LINE#         179
  C:879EH         LINE#         180
  C:879EH         LINE#         181
  C:87A1H         LINE#         182
  C:87A3H         LINE#         183
  C:87A3H         LINE#         184
  C:87A6H         LINE#         185
  C:87A8H         LINE#         186
  C:87A8H         LINE#         187
  C:87ABH         LINE#         188
  C:87ABH         LINE#         189
  C:87ABH         LINE#         191
  C:87B2H         LINE#         192
  C:87B6H         LINE#         193
  C:87CBH         LINE#         194
  C:87D0H         LINE#         195
  -------         ENDPROC       _IIC_INIT
  -------         PROC          _IIC_WRITE_REG
  D:0007H         SYMBOL        iic_n
  D:0001H         SYMBOL        dev_add
  D:0003H         SYMBOL        reg
  X:03BCH         SYMBOL        dat
  C:80B1H         LINE#         207
  C:80B1H         LINE#         208
  C:80B1H         LINE#         209
  C:80B1H         LINE#         210
BL51 BANKED LINKER/LOCATER V6.22.2.0                                                  07/02/2021  21:25:49  PAGE 19


  C:80BEH         LINE#         211
  C:80BEH         LINE#         212
  C:80BEH         LINE#         213
  C:80BEH         LINE#         214
  C:80C0H         LINE#         215
  C:80C0H         LINE#         216
  C:80C3H         LINE#         217
  C:80C5H         LINE#         218
  C:80C5H         LINE#         219
  C:80C8H         LINE#         220
  C:80CAH         LINE#         221
  C:80CAH         LINE#         222
  C:80CDH         LINE#         223
  C:80CDH         LINE#         224
  C:80CDH         LINE#         226
  C:80D3H         LINE#         227
  C:80D6H         LINE#         228
  C:80E2H         LINE#         229
  C:80E5H         LINE#         230
  C:80EBH         LINE#         231
  C:80EEH         LINE#         232
  C:80F6H         LINE#         233
  C:80F9H         LINE#         234
  C:80FFH         LINE#         235
  C:8102H         LINE#         236
  C:810DH         LINE#         237
  C:8110H         LINE#         238
  C:8116H         LINE#         239
  C:8119H         LINE#         240
  C:811FH         LINE#         241
  C:8122H         LINE#         244
  C:8124H         LINE#         245
  -------         ENDPROC       _IIC_WRITE_REG
  -------         PROC          _IIC_READ_REG
  D:0007H         SYMBOL        iic_n
  D:0001H         SYMBOL        dev_add
  D:0003H         SYMBOL        reg
  X:03A0H         SYMBOL        dat
  C:7C41H         LINE#         257
  C:7C41H         LINE#         258
  C:7C41H         LINE#         259
  C:7C41H         LINE#         260
  C:7C4EH         LINE#         261
  C:7C4EH         LINE#         262
  C:7C4EH         LINE#         263
  C:7C4EH         LINE#         264
  C:7C50H         LINE#         265
  C:7C50H         LINE#         266
  C:7C53H         LINE#         267
  C:7C55H         LINE#         268
  C:7C55H         LINE#         269
  C:7C58H         LINE#         270
  C:7C5AH         LINE#         271
  C:7C5AH         LINE#         272
  C:7C5DH         LINE#         273
  C:7C5DH         LINE#         274
  C:7C5DH         LINE#         276
BL51 BANKED LINKER/LOCATER V6.22.2.0                                                  07/02/2021  21:25:49  PAGE 20


  C:7C63H         LINE#         277
  C:7C66H         LINE#         279
  C:7C70H         LINE#         280
  C:7C73H         LINE#         281
  C:7C79H         LINE#         282
  C:7C7CH         LINE#         284
  C:7C84H         LINE#         285
  C:7C87H         LINE#         286
  C:7C8DH         LINE#         287
  C:7C90H         LINE#         293
  C:7C9EH         LINE#         294
  C:7CA1H         LINE#         296
  C:7CA7H         LINE#         297
  C:7CAAH         LINE#         299
  C:7CB3H         LINE#         301
  C:7CB9H         LINE#         302
  C:7CBCH         LINE#         304
  C:7CC2H         LINE#         305
  C:7CC5H         LINE#         307
  C:7CC7H         LINE#         308
  -------         ENDPROC       _IIC_READ_REG
  -------         PROC          _IIC_READ_REG_BYTES
  D:0007H         SYMBOL        iic_n
  D:0001H         SYMBOL        dev_add
  D:0003H         SYMBOL        reg
  X:0392H         SYMBOL        dat
  X:0395H         SYMBOL        num
  C:778BH         LINE#         321
  C:778BH         LINE#         323
  C:778BH         LINE#         324
  C:778BH         LINE#         325
  C:7798H         LINE#         326
  C:7798H         LINE#         327
  C:7798H         LINE#         328
  C:7798H         LINE#         329
  C:779AH         LINE#         330
  C:779AH         LINE#         331
  C:779DH         LINE#         332
  C:779FH         LINE#         333
  C:779FH         LINE#         334
  C:77A2H         LINE#         335
  C:77A4H         LINE#         336
  C:77A4H         LINE#         337
  C:77A7H         LINE#         338
  C:77A7H         LINE#         339
  C:77A7H         LINE#         341
  C:77ADH         LINE#         342
  C:77B0H         LINE#         344
  C:77BAH         LINE#         345
  C:77BDH         LINE#         346
  C:77C3H         LINE#         347
  C:77C6H         LINE#         349
  C:77CEH         LINE#         350
  C:77D1H         LINE#         351
  C:77D7H         LINE#         352
  C:77DAH         LINE#         354
  C:77E8H         LINE#         355
BL51 BANKED LINKER/LOCATER V6.22.2.0                                                  07/02/2021  21:25:49  PAGE 21


  C:77EBH         LINE#         356
  C:77F1H         LINE#         357
  C:77F4H         LINE#         359
  C:77FCH         LINE#         360
  C:77FCH         LINE#         361
  C:7802H         LINE#         362
  C:7808H         LINE#         363
  C:7808H         LINE#         364
  C:780BH         LINE#         365
  C:780BH         LINE#         366
  C:7815H         LINE#         367
  C:7817H         LINE#         369
  C:781DH         LINE#         371
  C:7823H         LINE#         372
  C:7826H         LINE#         374
  C:782CH         LINE#         375
  C:782FH         LINE#         377
  C:7831H         LINE#         378
  -------         ENDPROC       _IIC_READ_REG_BYTES
  -------         PROC          _IIC_CHANGE_PIN
  D:0007H         SYMBOL        iic_n
  X:0001H         SYMBOL        scl_pin
  X:0002H         SYMBOL        sda_pin
  C:005EH         LINE#         388
  C:005EH         LINE#         389
  C:005EH         LINE#         390
  C:005EH         LINE#         391
  C:005EH         LINE#         392
  C:0061H         LINE#         394
  C:0064H         LINE#         395
  C:0070H         LINE#         396
  C:0070H         LINE#         397
  C:0070H         LINE#         398
  C:0070H         LINE#         399
  C:0072H         LINE#         400
  C:0072H         LINE#         401
  C:0075H         LINE#         402
  C:0077H         LINE#         403
  C:0077H         LINE#         404
  C:007AH         LINE#         405
  C:007CH         LINE#         406
  C:007CH         LINE#         407
  C:007FH         LINE#         408
  C:007FH         LINE#         409
  C:007FH         LINE#         411
  C:0082H         LINE#         413
  -------         ENDPROC       _IIC_CHANGE_PIN
  -------         ENDMOD        ZF_IIC

  -------         MODULE        ZF_UART
  C:0000H         SYMBOL        _ICE_DUMMY_
  D:0080H         PUBLIC        P0
  D:0090H         PUBLIC        P1
  D:00A0H         PUBLIC        P2
  D:00CAH         PUBLIC        P5M0
  D:00B0H         PUBLIC        P3
  D:00C9H         PUBLIC        P5M1
BL51 BANKED LINKER/LOCATER V6.22.2.0                                                  07/02/2021  21:25:49  PAGE 22


  D:00C0H         PUBLIC        P4
  D:00C8H         PUBLIC        P5
  D:00A2H         PUBLIC        P_SW1
  D:00BAH         PUBLIC        P_SW2
  D:00A8H         PUBLIC        IE
  B:00A8H.4       PUBLIC        ES
  D:00B8H         PUBLIC        IP
  C:862AH         PUBLIC        _uart_putchar
  C:8E79H         PUBLIC        _uart_putbuff
  D:00D8H         PUBLIC        CCON
  D:0099H         PUBLIC        SBUF
  D:0098H         PUBLIC        SCON
  D:0089H         PUBLIC        TMOD
  D:0088H         PUBLIC        TCON
  D:00AFH         PUBLIC        IE2
  X:01CCH         PUBLIC        uart1_rx_buff
  D:008EH         PUBLIC        AUXR
  X:0230H         PUBLIC        uart1_tx_buff
  X:0294H         PUBLIC        busy
  D:008DH         PUBLIC        TH1
  D:00D6H         PUBLIC        T2H
  D:00D4H         PUBLIC        T3H
  D:00D2H         PUBLIC        T4H
  D:008BH         PUBLIC        TL1
  D:00D7H         PUBLIC        T2L
  D:00D5H         PUBLIC        T3L
  D:00D3H         PUBLIC        T4L
  C:8E9AH         PUBLIC        _uart_putstr
  C:5C71H         PUBLIC        _uart_init
  B:0088H.6       PUBLIC        TR1
  D:00D1H         PUBLIC        T4T3M
  D:009BH         PUBLIC        S2BUF
  D:00ADH         PUBLIC        S3BUF
  D:0085H         PUBLIC        S4BUF
  D:009AH         PUBLIC        S2CON
  D:00ACH         PUBLIC        S3CON
  D:0084H         PUBLIC        S4CON
  D:00D0H         PUBLIC        PSW
  C:8D5EH         SYMBOL        Com0036
  C:8D5EH         SYMBOL        L?0055
  C:8D61H         SYMBOL        L?0056
  C:8D6AH         SYMBOL        L?0057
  C:8D6AH         SYMBOL        L?0058
  C:8D72H         SYMBOL        L?0059
  C:8D72H         SYMBOL        L?0060
  C:8D7AH         SYMBOL        L?0061
  -------         PROC          COM0036
  -------         ENDPROC       COM0036
  -------         PROC          _UART_INIT
  X:00E9H         SYMBOL        uart_n
  X:00EAH         SYMBOL        uart_rx_pin
  X:00EBH         SYMBOL        uart_tx_pin
  X:00ECH         SYMBOL        baud
  X:00F0H         SYMBOL        tim_n
  -------         DO            
  D:0004H         SYMBOL        brt
  -------         ENDDO         
BL51 BANKED LINKER/LOCATER V6.22.2.0                                                  07/02/2021  21:25:49  PAGE 23


  C:5C71H         LINE#         45
  C:5C7CH         LINE#         46
  C:5C7CH         LINE#         49
  C:5CABH         LINE#         51
  C:5CC8H         LINE#         52
  C:5CC8H         LINE#         53
  C:5CC8H         LINE#         54
  C:5CC8H         LINE#         55
  C:5CCFH         LINE#         56
  C:5CCFH         LINE#         57
  C:5CD2H         LINE#         58
  C:5CD2H         LINE#         59
  C:5CD4H         LINE#         60
  C:5CD7H         LINE#         61
  C:5CDAH         LINE#         62
  C:5CDCH         LINE#         63
  C:5CE1H         LINE#         64
  C:5CE3H         LINE#         65
  C:5CE9H         LINE#         66
  C:5CE9H         LINE#         67
  C:5CECH         LINE#         68
  C:5CEEH         LINE#         69
  C:5CF1H         LINE#         70
  C:5CF4H         LINE#         71
  C:5CF4H         LINE#         72
  C:5CF7H         LINE#         73
  C:5D07H         LINE#         74
  C:5D07H         LINE#         75
  C:5D07H         LINE#         76
  C:5D09H         LINE#         77
  C:5D17H         LINE#         78
  C:5D17H         LINE#         79
  C:5D1AH         LINE#         80
  C:5D1CH         LINE#         81
  C:5D29H         LINE#         82
  C:5D29H         LINE#         83
  C:5D2CH         LINE#         84
  C:5D2EH         LINE#         85
  C:5D3BH         LINE#         86
  C:5D3BH         LINE#         87
  C:5D3EH         LINE#         88
  C:5D3EH         LINE#         89
  C:5D43H         LINE#         90
  C:5D45H         LINE#         91
  C:5D46H         LINE#         92
  C:5D46H         LINE#         94
  C:5D46H         LINE#         95
  C:5D46H         LINE#         96
  C:5D4EH         LINE#         97
  C:5D4EH         LINE#         98
  C:5D4EH         LINE#         99
  C:5D4EH         LINE#         100
  C:5D4EH         LINE#         101
  C:5D51H         LINE#         102
  C:5D51H         LINE#         104
  C:5D54H         LINE#         105
  C:5D61H         LINE#         106
BL51 BANKED LINKER/LOCATER V6.22.2.0                                                  07/02/2021  21:25:49  PAGE 24


  C:5D61H         LINE#         107
  C:5D61H         LINE#         108
  C:5D63H         LINE#         109
  C:5D71H         LINE#         110
  C:5D71H         LINE#         111
  C:5D74H         LINE#         112
  C:5D74H         LINE#         114
  C:5D77H         LINE#         115
  C:5D7CH         LINE#         116
  C:5D7DH         LINE#         117
  C:5D7DH         LINE#         119
  C:5D7DH         LINE#         120
  C:5D7DH         LINE#         121
  C:5D84H         LINE#         122
  C:5D84H         LINE#         123
  C:5D84H         LINE#         124
  C:5D84H         LINE#         125
  C:5D84H         LINE#         126
  C:5D87H         LINE#         127
  C:5D89H         LINE#         128
  C:5D8FH         LINE#         129
  C:5D8FH         LINE#         130
  C:5D92H         LINE#         131
  C:5D94H         LINE#         132
  C:5D97H         LINE#         133
  C:5D9AH         LINE#         134
  C:5D9AH         LINE#         136
  C:5D9DH         LINE#         137
  C:5DAAH         LINE#         138
  C:5DAAH         LINE#         139
  C:5DAAH         LINE#         140
  C:5DACH         LINE#         141
  C:5DBAH         LINE#         142
  C:5DBAH         LINE#         143
  C:5DBDH         LINE#         144
  C:5DBDH         LINE#         146
  C:5DC0H         LINE#         147
  C:5DC5H         LINE#         148
  C:5DC6H         LINE#         149
  C:5DC6H         LINE#         151
  C:5DC6H         LINE#         152
  C:5DC6H         LINE#         153
  C:5DCDH         LINE#         154
  C:5DCDH         LINE#         155
  C:5DD0H         LINE#         156
  C:5DD0H         LINE#         157
  C:5DD0H         LINE#         158
  C:5DD3H         LINE#         159
  C:5DD5H         LINE#         160
  C:5DDBH         LINE#         161
  C:5DDBH         LINE#         162
  C:5DDEH         LINE#         163
  C:5DE0H         LINE#         164
  C:5DE3H         LINE#         165
  C:5DE6H         LINE#         166
  C:5DE6H         LINE#         168
  C:5DE9H         LINE#         169
BL51 BANKED LINKER/LOCATER V6.22.2.0                                                  07/02/2021  21:25:49  PAGE 25


  C:5DF6H         LINE#         170
  C:5DF6H         LINE#         171
  C:5DF6H         LINE#         172
  C:5DF8H         LINE#         173
  C:5E06H         LINE#         174
  C:5E06H         LINE#         175
  C:5E08H         LINE#         176
  C:5E0BH         LINE#         177
  C:5E0EH         LINE#         178
  C:5E0EH         LINE#         179
  C:5E11H         LINE#         180
  C:5E16H         LINE#         181
  C:5E16H         LINE#         182
  C:5E16H         LINE#         183
  C:5E16H         LINE#         184
  -------         ENDPROC       _UART_INIT
  -------         PROC          L?0053
  -------         ENDPROC       L?0053
  -------         PROC          _UART_PUTCHAR
  D:0007H         SYMBOL        uart_n
  D:0005H         SYMBOL        dat
  C:862AH         LINE#         194
  C:862AH         LINE#         195
  C:862AH         LINE#         196
  C:8638H         LINE#         197
  C:8638H         LINE#         198
  C:8638H         LINE#         199
  C:863EH         LINE#         200
  C:8640H         LINE#         201
  C:8642H         LINE#         202
  C:8643H         LINE#         203
  C:8643H         LINE#         204
  C:8649H         LINE#         205
  C:864BH         LINE#         206
  C:864DH         LINE#         207
  C:864EH         LINE#         208
  C:864EH         LINE#         209
  C:8654H         LINE#         210
  C:8656H         LINE#         211
  C:8658H         LINE#         212
  C:8659H         LINE#         213
  C:8659H         LINE#         214
  C:865FH         LINE#         215
  C:8661H         LINE#         216
  C:8665H         LINE#         217
  C:8665H         LINE#         218
  C:8665H         LINE#         219
  -------         ENDPROC       _UART_PUTCHAR
  -------         PROC          _UART_PUTBUFF
  D:0006H         SYMBOL        uart_n
  X:03A4H         SYMBOL        p
  X:03A7H         SYMBOL        len
  C:8E79H         LINE#         230
  C:8E7FH         LINE#         231
  C:8E7FH         LINE#         232
  C:8E8DH         LINE#         233
  C:8E99H         LINE#         234
BL51 BANKED LINKER/LOCATER V6.22.2.0                                                  07/02/2021  21:25:49  PAGE 26


  -------         ENDPROC       _UART_PUTBUFF
  -------         PROC          _UART_PUTSTR
  D:0006H         SYMBOL        uart_n
  X:03C1H         SYMBOL        str
  C:8E9AH         LINE#         244
  C:8EA0H         LINE#         245
  C:8EA0H         LINE#         246
  C:8EB0H         LINE#         247
  C:8EB0H         LINE#         248
  C:8EB8H         LINE#         249
  C:8EBAH         LINE#         250
  -------         ENDPROC       _UART_PUTSTR
  -------         ENDMOD        ZF_UART

  -------         MODULE        ZF_ADC
  C:0000H         SYMBOL        _ICE_DUMMY_
  D:0093H         PUBLIC        P0M1
  D:0092H         PUBLIC        P1M0
  D:0091H         PUBLIC        P1M1
  D:0080H         PUBLIC        P0
  D:0090H         PUBLIC        P1
  D:00A0H         PUBLIC        P2
  D:00B0H         PUBLIC        P3
  D:00C0H         PUBLIC        P4
  D:00C8H         PUBLIC        P5
  D:00A8H         PUBLIC        IE
  D:00BDH         PUBLIC        ADC_RES
  D:00B8H         PUBLIC        IP
  D:00DEH         PUBLIC        ADCCFG
  D:00D8H         PUBLIC        CCON
  C:8CB7H         PUBLIC        _adc_once
  D:00BCH         PUBLIC        ADC_CONTR
  D:0098H         PUBLIC        SCON
  D:0088H         PUBLIC        TCON
  C:8666H         PUBLIC        _adc_init
  D:00BEH         PUBLIC        ADC_RESL
  D:00D0H         PUBLIC        PSW
  D:0094H         PUBLIC        P0M0
  -------         PROC          _ADC_INIT
  D:0007H         SYMBOL        adcn
  D:0005H         SYMBOL        speed
  C:8666H         LINE#         32
  C:8666H         LINE#         33
  C:8666H         LINE#         34
  C:8669H         LINE#         36
  C:8676H         LINE#         37
  C:8676H         LINE#         39
  C:8688H         LINE#         40
  C:868BH         LINE#         41
  C:868DH         LINE#         42
  C:8691H         LINE#         43
  C:8691H         LINE#         45
  C:86A3H         LINE#         46
  C:86A6H         LINE#         47
  C:86A6H         LINE#         49
  C:86ABH         LINE#         55
  C:86AEH         LINE#         57
BL51 BANKED LINKER/LOCATER V6.22.2.0                                                  07/02/2021  21:25:49  PAGE 27


  -------         ENDPROC       _ADC_INIT
  -------         PROC          _ADC_ONCE
  D:0007H         SYMBOL        adcn
  D:0001H         SYMBOL        resolution
  -------         DO            
  D:0006H         SYMBOL        adc_value
  -------         ENDDO         
  C:8CB7H         LINE#         68
  C:8CB9H         LINE#         69
  C:8CB9H         LINE#         72
  C:8CBCH         LINE#         73
  C:8CBFH         LINE#         75
  C:8CC2H         LINE#         76
  C:8CC7H         LINE#         77
  C:8CCAH         LINE#         80
  C:8CCCH         LINE#         81
  C:8CCEH         LINE#         82
  C:8CD2H         LINE#         86
  C:8CE1H         LINE#         89
  C:8CE1H         LINE#         90
  -------         ENDPROC       _ADC_ONCE
  -------         ENDMOD        ZF_ADC

  -------         MODULE        ZF_TIM
  C:0000H         SYMBOL        _ICE_DUMMY_
  D:0080H         PUBLIC        P0
  D:0090H         PUBLIC        P1
  D:00A0H         PUBLIC        P2
  D:00B0H         PUBLIC        P3
  D:00C0H         PUBLIC        P4
  D:00C8H         PUBLIC        P5
  D:00A8H         PUBLIC        IE
  C:8818H         PUBLIC        _ctimer_count_read
  C:7A9BH         PUBLIC        _pit_timer_ms
  D:00B8H         PUBLIC        IP
  D:00D8H         PUBLIC        CCON
  C:88A2H         PUBLIC        _ctimer_count_init
  D:0098H         PUBLIC        SCON
  D:0089H         PUBLIC        TMOD
  D:0088H         PUBLIC        TCON
  D:00AFH         PUBLIC        IE2
  D:008EH         PUBLIC        AUXR
  B:00A8H.1       PUBLIC        ET0
  B:00A8H.3       PUBLIC        ET1
  D:008CH         PUBLIC        TH0
  D:008DH         PUBLIC        TH1
  D:00D6H         PUBLIC        T2H
  D:00D4H         PUBLIC        T3H
  D:00D2H         PUBLIC        T4H
  D:008AH         PUBLIC        TL0
  D:008BH         PUBLIC        TL1
  D:00D7H         PUBLIC        T2L
  D:00D5H         PUBLIC        T3L
  D:00D3H         PUBLIC        T4L
  B:0088H.4       PUBLIC        TR0
  B:0088H.6       PUBLIC        TR1
  D:00D1H         PUBLIC        T4T3M
BL51 BANKED LINKER/LOCATER V6.22.2.0                                                  07/02/2021  21:25:49  PAGE 28


  D:00D0H         PUBLIC        PSW
  C:86AFH         PUBLIC        _ctimer_count_clean
  -------         PROC          _CTIMER_COUNT_INIT
  D:0007H         SYMBOL        tim_n
  C:88A2H         LINE#         39
  C:88A2H         LINE#         40
  C:88A2H         LINE#         41
  C:88B3H         LINE#         42
  C:88B3H         LINE#         43
  C:88B3H         LINE#         44
  C:88B3H         LINE#         45
  C:88B6H         LINE#         46
  C:88B8H         LINE#         47
  C:88BBH         LINE#         48
  C:88BDH         LINE#         49
  C:88BEH         LINE#         50
  C:88BEH         LINE#         52
  C:88BEH         LINE#         53
  C:88BEH         LINE#         54
  C:88C1H         LINE#         55
  C:88C3H         LINE#         56
  C:88C6H         LINE#         57
  C:88C8H         LINE#         58
  C:88C9H         LINE#         59
  C:88C9H         LINE#         61
  C:88C9H         LINE#         62
  C:88C9H         LINE#         63
  C:88CCH         LINE#         64
  C:88CEH         LINE#         65
  C:88D1H         LINE#         66
  C:88D2H         LINE#         67
  C:88D2H         LINE#         69
  C:88D2H         LINE#         70
  C:88D2H         LINE#         71
  C:88D5H         LINE#         72
  C:88D7H         LINE#         73
  C:88DAH         LINE#         74
  C:88DBH         LINE#         75
  C:88DBH         LINE#         77
  C:88DBH         LINE#         78
  C:88DBH         LINE#         79
  C:88DEH         LINE#         80
  C:88E0H         LINE#         81
  C:88E3H         LINE#         82
  C:88E3H         LINE#         83
  C:88E3H         LINE#         85
  C:88E3H         LINE#         86
  -------         ENDPROC       _CTIMER_COUNT_INIT
  -------         PROC          _CTIMER_COUNT_READ
  D:0007H         SYMBOL        tim_n
  -------         DO            
  D:0004H         SYMBOL        dat
  -------         ENDDO         
  C:8818H         LINE#         94
  C:8818H         LINE#         95
  C:8818H         LINE#         98
  C:8829H         LINE#         99
BL51 BANKED LINKER/LOCATER V6.22.2.0                                                  07/02/2021  21:25:49  PAGE 29


  C:8829H         LINE#         100
  C:8829H         LINE#         101
  C:8829H         LINE#         102
  C:882DH         LINE#         103
  C:8831H         LINE#         104
  C:8833H         LINE#         105
  C:8833H         LINE#         106
  C:8833H         LINE#         107
  C:8833H         LINE#         108
  C:8837H         LINE#         109
  C:883BH         LINE#         110
  C:883DH         LINE#         111
  C:883DH         LINE#         112
  C:883DH         LINE#         113
  C:883DH         LINE#         114
  C:8841H         LINE#         115
  C:8845H         LINE#         116
  C:8847H         LINE#         117
  C:8847H         LINE#         118
  C:8847H         LINE#         119
  C:8847H         LINE#         120
  C:884BH         LINE#         121
  C:884FH         LINE#         122
  C:8851H         LINE#         123
  C:8851H         LINE#         124
  C:8851H         LINE#         125
  C:8851H         LINE#         126
  C:8855H         LINE#         127
  C:8859H         LINE#         128
  C:8859H         LINE#         129
  C:8859H         LINE#         131
  C:8859H         LINE#         134
  C:885DH         LINE#         135
  -------         ENDPROC       _CTIMER_COUNT_READ
  -------         PROC          _CTIMER_COUNT_CLEAN
  D:0007H         SYMBOL        tim_n
  C:86AFH         LINE#         144
  C:86AFH         LINE#         145
  C:86AFH         LINE#         146
  C:86C0H         LINE#         147
  C:86C0H         LINE#         148
  C:86C0H         LINE#         149
  C:86C0H         LINE#         150
  C:86C2H         LINE#         151
  C:86C5H         LINE#         152
  C:86C7H         LINE#         153
  C:86C9H         LINE#         154
  C:86CAH         LINE#         155
  C:86CAH         LINE#         156
  C:86CAH         LINE#         157
  C:86CAH         LINE#         158
  C:86CCH         LINE#         159
  C:86CFH         LINE#         160
  C:86D1H         LINE#         161
  C:86D3H         LINE#         162
  C:86D4H         LINE#         163
  C:86D4H         LINE#         164
BL51 BANKED LINKER/LOCATER V6.22.2.0                                                  07/02/2021  21:25:49  PAGE 30


  C:86D4H         LINE#         165
  C:86D4H         LINE#         166
  C:86D7H         LINE#         167
  C:86DAH         LINE#         168
  C:86DCH         LINE#         169
  C:86DFH         LINE#         170
  C:86E0H         LINE#         171
  C:86E0H         LINE#         172
  C:86E0H         LINE#         173
  C:86E0H         LINE#         174
  C:86E3H         LINE#         175
  C:86E6H         LINE#         176
  C:86E8H         LINE#         177
  C:86EBH         LINE#         178
  C:86ECH         LINE#         179
  C:86ECH         LINE#         180
  C:86ECH         LINE#         181
  C:86ECH         LINE#         182
  C:86EFH         LINE#         183
  C:86F2H         LINE#         184
  C:86F4H         LINE#         185
  C:86F7H         LINE#         186
  C:86F7H         LINE#         187
  C:86F7H         LINE#         188
  C:86F7H         LINE#         189
  -------         ENDPROC       _CTIMER_COUNT_CLEAN
  -------         PROC          _PIT_TIMER_MS
  X:00E9H         SYMBOL        tim_n
  D:0004H         SYMBOL        time_ms
  -------         DO            
  D:0006H         SYMBOL        temp
  -------         ENDDO         
  C:7A9BH         LINE#         199
  C:7AA0H         LINE#         200
  C:7AA0H         LINE#         202
  C:7ACDH         LINE#         204
  C:7AD7H         LINE#         205
  C:7AD7H         LINE#         206
  C:7AD7H         LINE#         207
  C:7AD9H         LINE#         208
  C:7ADCH         LINE#         209
  C:7ADEH         LINE#         210
  C:7AE0H         LINE#         211
  C:7AE1H         LINE#         212
  C:7AE7H         LINE#         213
  C:7AE7H         LINE#         214
  C:7AE7H         LINE#         215
  C:7AE9H         LINE#         216
  C:7AECH         LINE#         217
  C:7AEEH         LINE#         218
  C:7AF0H         LINE#         219
  C:7AF1H         LINE#         220
  C:7AF9H         LINE#         221
  C:7AF9H         LINE#         222
  C:7AFBH         LINE#         223
  C:7AFEH         LINE#         224
  C:7B01H         LINE#         225
BL51 BANKED LINKER/LOCATER V6.22.2.0                                                  07/02/2021  21:25:49  PAGE 31


  C:7B04H         LINE#         226
  C:7B05H         LINE#         227
  C:7B0BH         LINE#         228
  C:7B0BH         LINE#         229
  C:7B0DH         LINE#         230
  C:7B10H         LINE#         231
  C:7B13H         LINE#         232
  C:7B16H         LINE#         233
  C:7B17H         LINE#         234
  C:7B1CH         LINE#         235
  C:7B1CH         LINE#         236
  C:7B1EH         LINE#         237
  C:7B21H         LINE#         238
  C:7B24H         LINE#         239
  C:7B27H         LINE#         240
  C:7B27H         LINE#         241
  -------         ENDPROC       _PIT_TIMER_MS
  -------         ENDMOD        ZF_TIM

  -------         MODULE        ZF_PWM
  C:0000H         SYMBOL        _ICE_DUMMY_
  C:7E52H         PUBLIC        _pwm_duty
  D:0080H         PUBLIC        P0
  D:0090H         PUBLIC        P1
  D:00A0H         PUBLIC        P2
  D:00B0H         PUBLIC        P3
  D:00C0H         PUBLIC        P4
  D:00C8H         PUBLIC        P5
  D:00BAH         PUBLIC        P_SW2
  D:00A8H         PUBLIC        IE
  D:00B8H         PUBLIC        IP
  D:00D8H         PUBLIC        CCON
  D:00F6H         PUBLIC        PWMCFG01
  D:00F7H         PUBLIC        PWMCFG23
  D:00FEH         PUBLIC        PWMCFG45
  D:0098H         PUBLIC        SCON
  D:0088H         PUBLIC        TCON
  D:00F1H         PUBLIC        PWMSET
  C:72B6H         PUBLIC        _pwm_freq
  C:67CEH         PUBLIC        _pwm_init
  D:00D0H         PUBLIC        PSW
  C:73A7H         SYMBOL        Com001D
  C:73A7H         SYMBOL        L?0030
  C:73ABH         SYMBOL        L?0031
  C:73B9H         SYMBOL        L?0032
  C:73BEH         SYMBOL        L?0033
  C:73C5H         SYMBOL        L?0034
  C:73C8H         SYMBOL        L?0035
  C:73CAH         SYMBOL        L?0036
  C:73D5H         SYMBOL        L?0037
  C:73DFH         SYMBOL        L?0038
  C:73F4H         SYMBOL        L?0039
  C:73F5H         SYMBOL        L?0040
  C:73FFH         SYMBOL        L?0041
  C:73FFH         SYMBOL        L?0042
  C:7413H         SYMBOL        L?0043
  C:742FH         SYMBOL        L?0044
[...]


  C:5190H         LINE#         182
  C:5190H         LINE#         183
  C:5198H         LINE#         184
  C:519AH         LINE#         185
  C:51A1H         LINE#         186
  C:51A1H         LINE#         187
  C:51A4H         LINE#         188
  C:51A8H         LINE#         189
  C:51A8H         LINE#         190
  C:51A8H         LINE#         191
  C:51AAH         LINE#         193
  C:51AAH         LINE#         194
  C:51AFH         LINE#         195
  C:51AFH         LINE#         196
  C:51B3H         LINE#         197
  C:51B8H         LINE#         198
  C:51BCH         LINE#         199
  C:51C1H         LINE#         200
  C:51C1H         LINE#         202
  C:51C1H         LINE#         204
  C:51C3H         LINE#         206
  C:51C3H         LINE#         207
  C:51C6H         LINE#         208
  C:51C6H         LINE#         209
  C:51CBH         LINE#         210
  C:51CBH         LINE#         211
  C:51CBH         LINE#         214
  C:51D3H         LINE#         215
  C:51D3H         LINE#         217
  C:51D6H         LINE#         218
  C:51D6H         LINE#         220
  C:51DBH         LINE#         221
  C:51DBH         LINE#         222
  C:51E3H         LINE#         223
  C:51E5H         LINE#         224
  C:51ECH         LINE#         225
  C:51ECH         LINE#         226
  C:51EFH         LINE#         227
  C:51F3H         LINE#         228
  C:51F3H         LINE#         229
  C:51F3H         LINE#         230
  C:51F5H         LINE#         232
  C:51F5H         LINE#         234
  C:51FAH         LINE#         235
  C:51FAH         LINE#         236
  C:51FEH         LINE#         237
  C:5203H         LINE#         238
  C:5207H         LINE#         239
  C:520CH         LINE#         240
  C:520CH         LINE#         242
  C:520CH         LINE#         244
  C:520EH         LINE#         246
  C:520EH         LINE#         247
  C:5211H         LINE#         248
  C:5211H         LINE#         249
  C:5216H         LINE#         250
  C:5216H         LINE#         251
BL51 BANKED LINKER/LOCATER V6.22.2.0                                                  07/02/2021  21:25:49  PAGE 108


  C:5216H         LINE#         253
  C:5221H         LINE#         254
  C:5221H         LINE#         255
  C:5230H         LINE#         256
  C:5230H         LINE#         258
  C:523EH         LINE#         259
  C:524AH         LINE#         260
  C:524AH         LINE#         261
  C:5258H         LINE#         262
  C:525FH         LINE#         263
  C:525FH         LINE#         264
  C:527DH         LINE#         265
  C:527DH         LINE#         266
  C:5289H         LINE#         267
  C:5289H         LINE#         268
  C:528EH         LINE#         269
  C:52A0H         LINE#         270
  C:52A7H         LINE#         271
  C:52ACH         LINE#         272
  C:52B0H         LINE#         274
  C:52B0H         LINE#         277
  C:52B0H         LINE#         278
  C:52B0H         LINE#         280
  C:52BCH         LINE#         281
  C:52BCH         LINE#         282
  C:52CAH         LINE#         283
  C:52D6H         LINE#         284
  C:52D6H         LINE#         285
  C:52E4H         LINE#         286
  C:52EBH         LINE#         287
  C:52EBH         LINE#         288
  C:52FDH         LINE#         289
  C:52FDH         LINE#         291
  C:5303H         LINE#         292
  C:530AH         LINE#         293
  C:530EH         LINE#         294
  C:5313H         LINE#         295
  C:5313H         LINE#         297
  C:5313H         LINE#         298
  C:531EH         LINE#         299
  C:531EH         LINE#         300
  C:532CH         LINE#         301
  C:5338H         LINE#         302
  C:5338H         LINE#         303
  C:5346H         LINE#         304
  C:534DH         LINE#         305
  C:534DH         LINE#         306
  C:5359H         LINE#         307
  C:5359H         LINE#         308
  C:535EH         LINE#         309
  C:5362H         LINE#         310
  C:5369H         LINE#         311
  C:5369H         LINE#         312
  C:5369H         LINE#         314
  C:536BH         LINE#         316
  C:536BH         LINE#         317
  C:5372H         LINE#         318
BL51 BANKED LINKER/LOCATER V6.22.2.0                                                  07/02/2021  21:25:49  PAGE 109


  C:5378H         LINE#         319
  C:537CH         LINE#         320
  C:5382H         LINE#         321
  C:5388H         LINE#         322
  C:538CH         LINE#         323
  C:5390H         LINE#         324
  C:5394H         LINE#         325
  C:539CH         LINE#         326
  C:539CH         LINE#         328
  C:53A1H         LINE#         330
  C:53A6H         LINE#         331
  C:53A6H         LINE#         333
  C:53A6H         LINE#         334
  C:53ACH         LINE#         335
  C:53ACH         LINE#         336
  C:53B1H         LINE#         337
  C:53B5H         LINE#         338
  C:53B5H         LINE#         339
  -------         ENDPROC       TM1_ISR
  -------         PROC          TM4_ISR
  C:8125H         LINE#         341
  C:8132H         LINE#         344
  C:8138H         LINE#         345
  C:813DH         LINE#         346
  C:813DH         LINE#         347
  C:815FH         LINE#         348
  C:815FH         LINE#         349
  C:8170H         LINE#         351
  C:8170H         LINE#         352
  C:8175H         LINE#         353
  C:8175H         LINE#         354
  C:8183H         LINE#         355
  C:8183H         LINE#         356
  C:8188H         LINE#         358
  C:8188H         LINE#         359
  C:818BH         LINE#         360
  -------         ENDPROC       TM4_ISR
  -------         PROC          TM3_ISR
  C:8A1DH         LINE#         361
  C:8A2CH         LINE#         363
  C:8A34H         LINE#         364
  C:8A34H         LINE#         365
  C:8A3AH         LINE#         366
  C:8A3FH         LINE#         367
  C:8A3FH         LINE#         368
  C:8A43H         LINE#         369
  C:8A47H         LINE#         371
  C:8A47H         LINE#         372
  C:8A47H         LINE#         373
  C:8A4AH         LINE#         374
  -------         ENDPROC       TM3_ISR
  -------         PROC          ADC_IRON_GET_HANDLE
  C:8F8AH         LINE#         376
  C:8F8AH         LINE#         377
  C:8F8AH         LINE#         378
  C:8F92H         LINE#         379
  C:8F92H         LINE#         380
BL51 BANKED LINKER/LOCATER V6.22.2.0                                                  07/02/2021  21:25:49  PAGE 110


  C:8FA0H         LINE#         381
  C:8FA5H         LINE#         382
  C:8FA5H         LINE#         383
  -------         ENDPROC       ADC_IRON_GET_HANDLE
  -------         PROC          OLED_SLEEP_HANDLE
  C:8C2FH         LINE#         385
  C:8C2FH         LINE#         386
  C:8C2FH         LINE#         387
  C:8C37H         LINE#         388
  C:8C37H         LINE#         389
  C:8C3FH         LINE#         390
  C:8C44H         LINE#         391
  C:8C46H         LINE#         393
  C:8C46H         LINE#         394
  C:8C4FH         LINE#         395
  C:8C5DH         LINE#         396
  C:8C5DH         LINE#         397
  -------         ENDPROC       OLED_SLEEP_HANDLE
  -------         ENDMOD        USER_BUTTON

  -------         MODULE        USER_EEPROM
  C:0000H         SYMBOL        _ICE_DUMMY_
  C:8FF2H         PUBLIC        _eeprom_erase
  D:0080H         PUBLIC        P0
  D:0090H         PUBLIC        P1
  D:00A0H         PUBLIC        P2
  D:00B0H         PUBLIC        P3
  D:00C0H         PUBLIC        P4
  D:00C8H         PUBLIC        P5
  C:8FC0H         PUBLIC        _eeprom_read
  D:00A8H         PUBLIC        IE
  D:00B8H         PUBLIC        IP
  C:8FD9H         PUBLIC        _eeprom_write
  D:00D8H         PUBLIC        CCON
  D:0098H         PUBLIC        SCON
  D:0088H         PUBLIC        TCON
  D:00D0H         PUBLIC        PSW
  C:8EBBH         SYMBOL        Com0004
  C:8EBBH         SYMBOL        L?0005
  C:8ECCH         SYMBOL        L?0006
  -------         PROC          COM0004
  -------         ENDPROC       COM0004
  -------         PROC          _EEPROM_READ
  X:00E9H         SYMBOL        addr
  X:00EBH         SYMBOL        buf
  X:00EEH         SYMBOL        len
  C:8FC0H         LINE#         43
  C:8FC6H         LINE#         44
  C:8FC6H         LINE#         45
  C:8FC9H         LINE#         46
  C:8FD6H         LINE#         47
  -------         ENDPROC       _EEPROM_READ
  -------         PROC          _EEPROM_WRITE
  X:00E9H         SYMBOL        addr
  X:00EBH         SYMBOL        buf
  X:00EEH         SYMBOL        len
  C:8FD9H         LINE#         49
BL51 BANKED LINKER/LOCATER V6.22.2.0                                                  07/02/2021  21:25:49  PAGE 111


  C:8FDFH         LINE#         50
  C:8FDFH         LINE#         53
  C:8FE2H         LINE#         55
  C:8FEFH         LINE#         56
  -------         ENDPROC       _EEPROM_WRITE
  -------         PROC          _EEPROM_ERASE
  X:00E9H         SYMBOL        addr
  C:8FF2H         LINE#         60
  C:8FFAH         LINE#         61
  C:8FFAH         LINE#         62
  C:8FFDH         LINE#         63
  C:9008H         LINE#         64
  -------         ENDPROC       _EEPROM_ERASE
  -------         ENDMOD        USER_EEPROM

  -------         MODULE        USER_LIB_IIC
  C:0000H         SYMBOL        _ICE_DUMMY_
  B:0021H.1       PUBLIC        user_iic_busy
  D:0080H         PUBLIC        P0
  D:0090H         PUBLIC        P1
  D:00A0H         PUBLIC        P2
  D:00B0H         PUBLIC        P3
  D:00C0H         PUBLIC        P4
  D:00C8H         PUBLIC        P5
  C:8F19H         PUBLIC        _user_iic_write_reg
  D:00BAH         PUBLIC        P_SW2
  D:00A8H         PUBLIC        IE
  C:919EH         PUBLIC        suer_iic_SendACK
  D:00B8H         PUBLIC        IP
  C:910EH         PUBLIC        user_iic_RecvACK
  C:9188H         PUBLIC        user_iic_SendNAK
  D:00D8H         PUBLIC        CCON
  D:0098H         PUBLIC        SCON
  D:0088H         PUBLIC        TCON
  C:90FDH         PUBLIC        _user_iic_SendData
  C:90C4H         PUBLIC        user_iic_RecvData
  C:916EH         PUBLIC        user_iic_Start
  C:905EH         PUBLIC        user_iic_delay
  C:8C8BH         PUBLIC        I2C_Isr
  C:0046H         PUBLIC        user_iic_Wait
  C:9177H         PUBLIC        user_iic_Stop
  C:8EDBH         PUBLIC        user_iic_init
  D:00D0H         PUBLIC        PSW
  C:9122H         SYMBOL        Com0014
  C:9122H         SYMBOL        L?0021
  -------         PROC          COM0014
  -------         ENDPROC       COM0014
  -------         PROC          I2C_ISR
  -------         DO            
  D:0007H         SYMBOL        store
  -------         ENDDO         
  C:8C8BH         LINE#         11
  C:8C98H         LINE#         15
  C:8C9AH         LINE#         16
  C:8C9DH         LINE#         17
  C:8CA4H         LINE#         18
  C:8CA4H         LINE#         19
BL51 BANKED LINKER/LOCATER V6.22.2.0                                                  07/02/2021  21:25:49  PAGE 112


  C:8CA8H         LINE#         20
  C:8CAAH         LINE#         21
  C:8CAAH         LINE#         22
  C:8CACH         LINE#         23
  -------         ENDPROC       I2C_ISR
  -------         PROC          USER_IIC_DELAY
  -------         DO            
  D:0006H         SYMBOL        i
  -------         ENDDO         
  C:905EH         LINE#         24
  C:905EH         LINE#         25
  C:905EH         LINE#         28
  C:9061H         LINE#         29
  C:9061H         LINE#         30
  C:9062H         LINE#         31
  C:9063H         LINE#         32
  C:9064H         LINE#         33
  C:9065H         LINE#         34
  C:9070H         LINE#         35
  -------         ENDPROC       USER_IIC_DELAY
  -------         PROC          USER_IIC_WAIT
  C:0046H         LINE#         36
  C:0046H         LINE#         37
  C:0046H         LINE#         38
  C:004DH         LINE#         39
  C:0051H         LINE#         40
  -------         ENDPROC       USER_IIC_WAIT
  -------         PROC          USER_IIC_START
  C:916EH         LINE#         41
  C:916EH         LINE#         42
  C:916EH         LINE#         43
  C:9174H         LINE#         44
  -------         ENDPROC       USER_IIC_START
  -------         PROC          _USER_IIC_SENDDATA
  D:0007H         SYMBOL        dat
  C:90FDH         LINE#         46
  C:90FDH         LINE#         47
  C:90FDH         LINE#         48
  C:9102H         LINE#         49
  C:9108H         LINE#         50
  -------         ENDPROC       _USER_IIC_SENDDATA
  -------         PROC          L?0022
  -------         ENDPROC       L?0022
  -------         PROC          USER_IIC_RECVACK
  C:910EH         LINE#         52
  C:910EH         LINE#         53
  C:910EH         LINE#         54
  C:9114H         LINE#         55
  -------         ENDPROC       USER_IIC_RECVACK
  -------         PROC          USER_IIC_RECVDATA
  C:90C4H         LINE#         57
  C:90C4H         LINE#         58
  C:90C4H         LINE#         59
  C:90CAH         LINE#         60
  C:90CDH         LINE#         61
  C:90D2H         LINE#         62
  -------         ENDPROC       USER_IIC_RECVDATA
BL51 BANKED LINKER/LOCATER V6.22.2.0                                                  07/02/2021  21:25:49  PAGE 113


  -------         PROC          SUER_IIC_SENDACK
  C:919EH         LINE#         63
  C:919EH         LINE#         64
  C:919EH         LINE#         65
  C:919FH         LINE#         66
  C:91A2H         LINE#         67
  -------         ENDPROC       SUER_IIC_SENDACK
  -------         PROC          USER_IIC_SENDNAK
  C:9188H         LINE#         70
  C:9188H         LINE#         71
  C:9188H         LINE#         72
  C:918AH         LINE#         73
  C:918DH         LINE#         74
  -------         ENDPROC       USER_IIC_SENDNAK
  -------         PROC          USER_IIC_STOP
  C:9177H         LINE#         76
  C:9177H         LINE#         77
  C:9177H         LINE#         78
  C:917DH         LINE#         79
  -------         ENDPROC       USER_IIC_STOP
  -------         PROC          USER_IIC_INIT
  C:8EDBH         LINE#         81
  C:8EDBH         LINE#         82
  C:8EDBH         LINE#         84
  C:8EE2H         LINE#         85
  C:8EE9H         LINE#         86
  C:8EEDH         LINE#         87
  C:8EF1H         LINE#         88
  C:8EF5H         LINE#         89
  C:8EFAH         LINE#         91
  -------         ENDPROC       USER_IIC_INIT
  -------         PROC          _USER_IIC_WRITE_REG
  D:0007H         SYMBOL        dev_add
  D:0005H         SYMBOL        reg
  D:0003H         SYMBOL        dat
  C:8F19H         LINE#         93
  C:8F19H         LINE#         94
  C:8F19H         LINE#         95
  C:8F1CH         LINE#         96
  C:8F1FH         LINE#         97
  C:8F1FH         LINE#         98
  C:8F22H         LINE#         99
  C:8F24H         LINE#         100
  C:8F27H         LINE#         101
  C:8F2CH         LINE#         102
  C:8F2FH         LINE#         103
  C:8F32H         LINE#         104
  C:8F35H         LINE#         105
  -------         ENDPROC       _USER_IIC_WRITE_REG
  -------         ENDMOD        USER_LIB_IIC

  -------         MODULE        ?C?FPADD
  C:2829H         PUBLIC        ?C?FPADD
  C:2825H         PUBLIC        ?C?FPSUB
  -------         ENDMOD        ?C?FPADD

  -------         MODULE        ?C?FPMUL
BL51 BANKED LINKER/LOCATER V6.22.2.0                                                  07/02/2021  21:25:49  PAGE 114


  C:291AH         PUBLIC        ?C?FPMUL
  -------         ENDMOD        ?C?FPMUL

  -------         MODULE        ?C?FPDIV
  C:2A23H         PUBLIC        ?C?FPDIV
  -------         ENDMOD        ?C?FPDIV

  -------         MODULE        ?C?FPCMP
  C:2AC2H         PUBLIC        ?C?FPCMP
  C:2AC0H         PUBLIC        ?C?FPCMP3
  -------         ENDMOD        ?C?FPCMP

  -------         MODULE        ?C?FCAST
  C:2B43H         PUBLIC        ?C?FCASTC
  C:2B3EH         PUBLIC        ?C?FCASTI
  C:2B39H         PUBLIC        ?C?FCASTL
  -------         ENDMOD        ?C?FCAST

  -------         MODULE        ?C?CASTF
  C:2B77H         PUBLIC        ?C?CASTF
  -------         ENDMOD        ?C?CASTF

  -------         MODULE        PRINTF
  X:00E9H         PUBLIC        ?_PRINTF?BYTE
  X:00E9H         PUBLIC        ?_SPRINTF?BYTE
  C:36A0H         PUBLIC        _PRINTF
  C:369AH         PUBLIC        _SPRINTF
  -------         ENDMOD        PRINTF

  -------         MODULE        ?C?FPROUND
  C:2BF8H         PUBLIC        ?C?FPROUND
  -------         ENDMOD        ?C?FPROUND

  -------         MODULE        ?C?FPCONVERT
  C:2C35H         PUBLIC        ?C?FPCONVERT
  -------         ENDMOD        ?C?FPCONVERT

  -------         MODULE        ?C?FTNPWR
  C:2D6AH         PUBLIC        ?C?FTNPWR
  -------         ENDMOD        ?C?FTNPWR

  -------         MODULE        ?C?COPY
  C:2E7AH         PUBLIC        ?C?COPY
  -------         ENDMOD        ?C?COPY

  -------         MODULE        ?C?CLDPTR
  C:2EA0H         PUBLIC        ?C?CLDPTR
  -------         ENDMOD        ?C?CLDPTR

  -------         MODULE        ?C?CLDOPTR
  C:2EB9H         PUBLIC        ?C?CLDOPTR
  -------         ENDMOD        ?C?CLDOPTR

  -------         MODULE        ?C?CSTPTR
  C:2EE6H         PUBLIC        ?C?CSTPTR
  -------         ENDMOD        ?C?CSTPTR

BL51 BANKED LINKER/LOCATER V6.22.2.0                                                  07/02/2021  21:25:49  PAGE 115


  -------         MODULE        ?C?IMUL
  C:2EF8H         PUBLIC        ?C?IMUL
  -------         ENDMOD        ?C?IMUL

  -------         MODULE        ?C?UIDIV
  C:2F0AH         PUBLIC        ?C?UIDIV
  -------         ENDMOD        ?C?UIDIV

  -------         MODULE        ?C?SIDIV
  C:2F5FH         PUBLIC        ?C?SIDIV
  -------         ENDMOD        ?C?SIDIV

  -------         MODULE        ?C?IILDX
  C:2F95H         PUBLIC        ?C?IILDX
  -------         ENDMOD        ?C?IILDX

  -------         MODULE        ?C?ILDIX
  C:2FABH         PUBLIC        ?C?ILDIX
  -------         ENDMOD        ?C?ILDIX

  -------         MODULE        ?C?LMUL
  C:2FC1H         PUBLIC        ?C?LMUL
  -------         ENDMOD        ?C?LMUL

  -------         MODULE        ?C?ULDIV
  C:304CH         PUBLIC        ?C?ULDIV
  -------         ENDMOD        ?C?ULDIV

  -------         MODULE        ?C?LNEG
  C:30DEH         PUBLIC        ?C?LNEG
  -------         ENDMOD        ?C?LNEG

  -------         MODULE        ?C?ULCMP
  C:30ECH         PUBLIC        ?C?ULCMP
  -------         ENDMOD        ?C?ULCMP

  -------         MODULE        ?C?ULSHR
  C:30FDH         PUBLIC        ?C?ULSHR
  -------         ENDMOD        ?C?ULSHR

  -------         MODULE        ?C?LSTXDATA
  C:3110H         PUBLIC        ?C?LSTXDATA
  -------         ENDMOD        ?C?LSTXDATA

  -------         MODULE        ?C?LSTKXDATA
  C:311CH         PUBLIC        ?C?LSTKXDATA
  -------         ENDMOD        ?C?LSTKXDATA

  -------         MODULE        ?C?OFFXADD
  C:314DH         PUBLIC        ?C?OFFXADD
  -------         ENDMOD        ?C?OFFXADD

  -------         MODULE        ?C?PLDIXDATA
  C:3159H         PUBLIC        ?C?PLDIXDATA
  -------         ENDMOD        ?C?PLDIXDATA

  -------         MODULE        ?C?PSTXDATA
BL51 BANKED LINKER/LOCATER V6.22.2.0                                                  07/02/2021  21:25:49  PAGE 116


  C:3170H         PUBLIC        ?C?PSTXDATA
  -------         ENDMOD        ?C?PSTXDATA

  -------         MODULE        ?C?CCASE
  C:3179H         PUBLIC        ?C?CCASE
  -------         ENDMOD        ?C?CCASE

Program Size: data=79.2 xdata=978 code=37272
LINK/LOCATE RUN COMPLETE.  0 WARNING(S),  0 ERROR(S)
